../Core/Src/sd_functions.c:50:13:SPI_TxByte	16	static
../Core/Src/sd_functions.c:36:13:SELECT	8	static
../Core/Src/sd_functions.c:43:13:DESELECT	8	static
../Core/Src/sd_functions.c:62:16:SPI_RxByte	24	static
../Core/Src/sd_functions.c:80:16:SD_ReadyWait	8	static
../Core/Src/sd_functions.c:175:13:SD_TxDataBlock	16	static
../Core/Src/sd_functions.c:217:13:SD_SendCmd	16	static
../Core/Src/sd_functions.c:146:13:SD_RxDataBlock	16	static
../Core/Src/sd_functions.c:96:13:SD_PowerOn	16	static
../Core/Src/sd_functions.c:20:6:HAL_SPI_TxRxCpltCallback	0	static
../Core/Src/sd_functions.c:23:6:HAL_SPI_TxCpltCallback	0	static
../Core/Src/sd_functions.c:26:6:HAL_SPI_RxCpltCallback	0	static
../Core/Src/sd_functions.c:256:9:SD_disk_initialize	32	static
../Core/Src/sd_functions.c:356:9:SD_disk_status	0	static
../Core/Src/sd_functions.c:363:9:SD_disk_read	16	static
../Core/Src/sd_functions.c:405:9:SD_disk_write	24	static
../Core/Src/sd_functions.c:460:9:SD_disk_ioctl	40	static
