../Core/Src/stm32l4xx_hal_msp.c:63:6:HAL_MspInit	8	static
../Core/Src/stm32l4xx_hal_msp.c:86:6:HAL_I2C_MspInit	176	static
../Core/Src/stm32l4xx_hal_msp.c:133:6:HAL_I2C_MspDeInit	8	static
../Core/Src/stm32l4xx_hal_msp.c:164:6:HAL_SPI_MspInit	56	static
../Core/Src/stm32l4xx_hal_msp.c:241:6:HAL_SPI_MspDeInit	8	static
../Core/Src/stm32l4xx_hal_msp.c:292:6:HAL_TIM_Base_MspInit	24	static
../Core/Src/stm32l4xx_hal_msp.c:345:6:HAL_TIM_Base_MspDeInit	0	static
../Core/Src/stm32l4xx_hal_msp.c:398:6:HAL_UART_MspInit	176	static
../Core/Src/stm32l4xx_hal_msp.c:446:6:HAL_UART_MspDeInit	0	static
