../Core/Src/main.c:114:5:main	8	static
../Core/Src/main.c:238:6:SystemClock_Config	96	static
../Core/Src/main.c:288:13:MX_I2C1_Init	8	static
../Core/Src/main.c:336:13:MX_SPI2_Init	8	static
../Core/Src/main.c:376:13:MX_TIM2_Init	40	static
../Core/Src/main.c:421:13:MX_TIM3_Init	40	static
../Core/Src/main.c:466:13:MX_TIM4_Init	40	static
../Core/Src/main.c:511:13:MX_USART2_UART_Init	8	static
../Core/Src/main.c:546:13:MX_GPIO_Init	48	static
../Core/Src/main.c:592:6:HAL_TIM_PeriodElapsedCallback	16	static
../Core/Src/main.c:615:6:Error_Handler	4	static,ignoring_inline_asm
