../Core/Src/main.c:123:5:main	17
../Core/Src/main.c:273:6:SystemClock_Config	4
../Core/Src/main.c:323:13:MX_I2C1_Init	4
../Core/Src/main.c:371:13:MX_SPI2_Init	2
../Core/Src/main.c:411:13:MX_SPI3_Init	2
../Core/Src/main.c:451:13:MX_TIM2_Init	4
../Core/Src/main.c:496:13:MX_TIM3_Init	4
../Core/Src/main.c:541:13:MX_TIM4_Init	4
../Core/Src/main.c:586:13:MX_USART2_UART_Init	2
../Core/Src/main.c:621:13:MX_GPIO_Init	1
../Core/Src/main.c:678:6:HAL_TIM_PeriodElapsedCallback	4
../Core/Src/main.c:701:6:Error_Handler	1
