../Core/Src/main.c:107:5:main	32	static
../Core/Src/main.c:229:6:SystemClock_Config	96	static
../Core/Src/main.c:279:13:MX_I2C1_Init	8	static
../Core/Src/main.c:327:13:MX_SPI2_Init	8	static
../Core/Src/main.c:367:13:MX_TIM2_Init	40	static
../Core/Src/main.c:412:13:MX_TIM3_Init	40	static
../Core/Src/main.c:457:13:MX_TIM4_Init	40	static
../Core/Src/main.c:502:13:MX_USART2_UART_Init	8	static
../Core/Src/main.c:537:13:MX_GPIO_Init	48	static
../Core/Src/main.c:583:6:HAL_TIM_PeriodElapsedCallback	16	static
../Core/Src/main.c:606:6:Error_Handler	4	static,ignoring_inline_asm
