../Core/Src/sd_functions.c:20:6:HAL_SPI_TxRxCpltCallback	16	static
../Core/Src/sd_functions.c:23:6:HAL_SPI_TxCpltCallback	16	static
../Core/Src/sd_functions.c:26:6:HAL_SPI_RxCpltCallback	16	static
../Core/Src/sd_functions.c:36:13:SELECT	8	static
../Core/Src/sd_functions.c:43:13:DESELECT	8	static
../Core/Src/sd_functions.c:50:13:SPI_TxByte	16	static
../Core/Src/sd_functions.c:56:13:SPI_TxBuffer	16	static
../Core/Src/sd_functions.c:62:16:SPI_RxByte	24	static
../Core/Src/sd_functions.c:70:13:SPI_RxBytePtr	16	static
../Core/Src/sd_functions.c:80:16:SD_ReadyWait	16	static
../Core/Src/sd_functions.c:96:13:SD_PowerOn	24	static
../Core/Src/sd_functions.c:134:13:SD_PowerOff	4	static
../Core/Src/sd_functions.c:140:16:SD_CheckPower	4	static
../Core/Src/sd_functions.c:146:13:SD_RxDataBlock	24	static
../Core/Src/sd_functions.c:175:13:SD_TxDataBlock	24	static
../Core/Src/sd_functions.c:217:13:SD_SendCmd	24	static
../Core/Src/sd_functions.c:256:9:SD_disk_initialize	32	static
../Core/Src/sd_functions.c:356:9:SD_disk_status	16	static
../Core/Src/sd_functions.c:363:9:SD_disk_read	24	static
../Core/Src/sd_functions.c:405:9:SD_disk_write	24	static
../Core/Src/sd_functions.c:460:9:SD_disk_ioctl	56	static
