Archive member included to satisfy reference by file (symbol)

M:/STM32CubeIDE_2.1.0/STM32CubeIDE/plugins/com.st.stm32cube.ide.mcu.externaltools.gnu-tools-for-stm32.14.3.rel1.win32_1.0.100.202602081740/tools/bin/../lib/gcc/arm-none-eabi/14.3.1/../../../../arm-none-eabi/lib/thumb/v7e-m+fp/hard\libc_nano.a(libc_a-exit.o)
                              M:/STM32CubeIDE_2.1.0/STM32CubeIDE/plugins/com.st.stm32cube.ide.mcu.externaltools.gnu-tools-for-stm32.14.3.rel1.win32_1.0.100.202602081740/tools/bin/../lib/gcc/arm-none-eabi/14.3.1/../../../../arm-none-eabi/lib/thumb/v7e-m+fp/hard/crt0.o (exit)
M:/STM32CubeIDE_2.1.0/STM32CubeIDE/plugins/com.st.stm32cube.ide.mcu.externaltools.gnu-tools-for-stm32.14.3.rel1.win32_1.0.100.202602081740/tools/bin/../lib/gcc/arm-none-eabi/14.3.1/../../../../arm-none-eabi/lib/thumb/v7e-m+fp/hard\libc_nano.a(libc_a-findfp.o)
                              M:/STM32CubeIDE_2.1.0/STM32CubeIDE/plugins/com.st.stm32cube.ide.mcu.externaltools.gnu-tools-for-stm32.14.3.rel1.win32_1.0.100.202602081740/tools/bin/../lib/gcc/arm-none-eabi/14.3.1/../../../../arm-none-eabi/lib/thumb/v7e-m+fp/hard\libc_nano.a(libc_a-exit.o) (__stdio_exit_handler)
M:/STM32CubeIDE_2.1.0/STM32CubeIDE/plugins/com.st.stm32cube.ide.mcu.externaltools.gnu-tools-for-stm32.14.3.rel1.win32_1.0.100.202602081740/tools/bin/../lib/gcc/arm-none-eabi/14.3.1/../../../../arm-none-eabi/lib/thumb/v7e-m+fp/hard\libc_nano.a(libc_a-fwalk.o)
                              M:/STM32CubeIDE_2.1.0/STM32CubeIDE/plugins/com.st.stm32cube.ide.mcu.externaltools.gnu-tools-for-stm32.14.3.rel1.win32_1.0.100.202602081740/tools/bin/../lib/gcc/arm-none-eabi/14.3.1/../../../../arm-none-eabi/lib/thumb/v7e-m+fp/hard\libc_nano.a(libc_a-findfp.o) (_fwalk_sglue)
M:/STM32CubeIDE_2.1.0/STM32CubeIDE/plugins/com.st.stm32cube.ide.mcu.externaltools.gnu-tools-for-stm32.14.3.rel1.win32_1.0.100.202602081740/tools/bin/../lib/gcc/arm-none-eabi/14.3.1/../../../../arm-none-eabi/lib/thumb/v7e-m+fp/hard\libc_nano.a(libc_a-printf.o)
                              ./Core/Src/main.o (printf)
M:/STM32CubeIDE_2.1.0/STM32CubeIDE/plugins/com.st.stm32cube.ide.mcu.externaltools.gnu-tools-for-stm32.14.3.rel1.win32_1.0.100.202602081740/tools/bin/../lib/gcc/arm-none-eabi/14.3.1/../../../../arm-none-eabi/lib/thumb/v7e-m+fp/hard\libc_nano.a(libc_a-puts.o)
                              ./Core/Src/main.o (puts)
M:/STM32CubeIDE_2.1.0/STM32CubeIDE/plugins/com.st.stm32cube.ide.mcu.externaltools.gnu-tools-for-stm32.14.3.rel1.win32_1.0.100.202602081740/tools/bin/../lib/gcc/arm-none-eabi/14.3.1/../../../../arm-none-eabi/lib/thumb/v7e-m+fp/hard\libc_nano.a(libc_a-stdio.o)
                              M:/STM32CubeIDE_2.1.0/STM32CubeIDE/plugins/com.st.stm32cube.ide.mcu.externaltools.gnu-tools-for-stm32.14.3.rel1.win32_1.0.100.202602081740/tools/bin/../lib/gcc/arm-none-eabi/14.3.1/../../../../arm-none-eabi/lib/thumb/v7e-m+fp/hard\libc_nano.a(libc_a-findfp.o) (__sread)
M:/STM32CubeIDE_2.1.0/STM32CubeIDE/plugins/com.st.stm32cube.ide.mcu.externaltools.gnu-tools-for-stm32.14.3.rel1.win32_1.0.100.202602081740/tools/bin/../lib/gcc/arm-none-eabi/14.3.1/../../../../arm-none-eabi/lib/thumb/v7e-m+fp/hard\libc_nano.a(libc_a-wbuf.o)
                              M:/STM32CubeIDE_2.1.0/STM32CubeIDE/plugins/com.st.stm32cube.ide.mcu.externaltools.gnu-tools-for-stm32.14.3.rel1.win32_1.0.100.202602081740/tools/bin/../lib/gcc/arm-none-eabi/14.3.1/../../../../arm-none-eabi/lib/thumb/v7e-m+fp/hard\libc_nano.a(libc_a-puts.o) (__swbuf_r)
M:/STM32CubeIDE_2.1.0/STM32CubeIDE/plugins/com.st.stm32cube.ide.mcu.externaltools.gnu-tools-for-stm32.14.3.rel1.win32_1.0.100.202602081740/tools/bin/../lib/gcc/arm-none-eabi/14.3.1/../../../../arm-none-eabi/lib/thumb/v7e-m+fp/hard\libc_nano.a(libc_a-wsetup.o)
                              M:/STM32CubeIDE_2.1.0/STM32CubeIDE/plugins/com.st.stm32cube.ide.mcu.externaltools.gnu-tools-for-stm32.14.3.rel1.win32_1.0.100.202602081740/tools/bin/../lib/gcc/arm-none-eabi/14.3.1/../../../../arm-none-eabi/lib/thumb/v7e-m+fp/hard\libc_nano.a(libc_a-puts.o) (__swsetup_r)
M:/STM32CubeIDE_2.1.0/STM32CubeIDE/plugins/com.st.stm32cube.ide.mcu.externaltools.gnu-tools-for-stm32.14.3.rel1.win32_1.0.100.202602081740/tools/bin/../lib/gcc/arm-none-eabi/14.3.1/../../../../arm-none-eabi/lib/thumb/v7e-m+fp/hard\libc_nano.a(libc_a-memset.o)
                              M:/STM32CubeIDE_2.1.0/STM32CubeIDE/plugins/com.st.stm32cube.ide.mcu.externaltools.gnu-tools-for-stm32.14.3.rel1.win32_1.0.100.202602081740/tools/bin/../lib/gcc/arm-none-eabi/14.3.1/../../../../arm-none-eabi/lib/thumb/v7e-m+fp/hard/crt0.o (memset)
M:/STM32CubeIDE_2.1.0/STM32CubeIDE/plugins/com.st.stm32cube.ide.mcu.externaltools.gnu-tools-for-stm32.14.3.rel1.win32_1.0.100.202602081740/tools/bin/../lib/gcc/arm-none-eabi/14.3.1/../../../../arm-none-eabi/lib/thumb/v7e-m+fp/hard\libc_nano.a(libc_a-closer.o)
[...]
Memory Configuration

Name             Origin             Length             Attributes
RAM              0x20000000         0x00018000         xrw
RAM2             0x10000000         0x00008000         xrw
FLASH            0x08000000         0x00100000         xr
*default*        0x00000000         0xffffffff

Linker script and memory map

LOAD M:/STM32CubeIDE_2.1.0/STM32CubeIDE/plugins/com.st.stm32cube.ide.mcu.externaltools.gnu-tools-for-stm32.14.3.rel1.win32_1.0.100.202602081740/tools/bin/../lib/gcc/arm-none-eabi/14.3.1/thumb/v7e-m+fp/hard/crti.o
LOAD M:/STM32CubeIDE_2.1.0/STM32CubeIDE/plugins/com.st.stm32cube.ide.mcu.externaltools.gnu-tools-for-stm32.14.3.rel1.win32_1.0.100.202602081740/tools/bin/../lib/gcc/arm-none-eabi/14.3.1/thumb/v7e-m+fp/hard/crtbegin.o
LOAD M:/STM32CubeIDE_2.1.0/STM32CubeIDE/plugins/com.st.stm32cube.ide.mcu.externaltools.gnu-tools-for-stm32.14.3.rel1.win32_1.0.100.202602081740/tools/bin/../lib/gcc/arm-none-eabi/14.3.1/../../../../arm-none-eabi/lib/thumb/v7e-m+fp/hard/crt0.o
LOAD ./Core/Src/ina219.o
LOAD ./Core/Src/main.o
LOAD ./Core/Src/max31865.o
LOAD ./Core/Src/sd_functions.o
LOAD ./Core/Src/sensors.o
LOAD ./Core/Src/stm32l4xx_hal_msp.o
LOAD ./Core/Src/stm32l4xx_it.o
LOAD ./Core/Src/syscalls.o
LOAD ./Core/Src/sysmem.o
LOAD ./Core/Src/system_stm32l4xx.o
LOAD ./Core/Src/telemetry.o
LOAD ./Core/Src/tmp102.o
LOAD ./Core/Startup/startup_stm32l476rgtx.o
LOAD ./Drivers/STM32L4xx_HAL_Driver/Src/stm32l4xx_hal.o
LOAD ./Drivers/STM32L4xx_HAL_Driver/Src/stm32l4xx_hal_cortex.o
LOAD ./Drivers/STM32L4xx_HAL_Driver/Src/stm32l4xx_hal_dma.o
LOAD ./Drivers/STM32L4xx_HAL_Driver/Src/stm32l4xx_hal_dma_ex.o
LOAD ./Drivers/STM32L4xx_HAL_Driver/Src/stm32l4xx_hal_exti.o
LOAD ./Drivers/STM32L4xx_HAL_Driver/Src/stm32l4xx_hal_flash.o
LOAD ./Drivers/STM32L4xx_HAL_Driver/Src/stm32l4xx_hal_flash_ex.o
LOAD ./Drivers/STM32L4xx_HAL_Driver/Src/stm32l4xx_hal_flash_ramfunc.o
LOAD ./Drivers/STM32L4xx_HAL_Driver/Src/stm32l4xx_hal_gpio.o
LOAD ./Drivers/STM32L4xx_HAL_Driver/Src/stm32l4xx_hal_i2c.o
LOAD ./Drivers/STM32L4xx_HAL_Driver/Src/stm32l4xx_hal_i2c_ex.o
LOAD ./Drivers/STM32L4xx_HAL_Driver/Src/stm32l4xx_hal_pwr.o
LOAD ./Drivers/STM32L4xx_HAL_Driver/Src/stm32l4xx_hal_pwr_ex.o
LOAD ./Drivers/STM32L4xx_HAL_Driver/Src/stm32l4xx_hal_rcc.o
LOAD ./Drivers/STM32L4xx_HAL_Driver/Src/stm32l4xx_hal_rcc_ex.o
LOAD ./Drivers/STM32L4xx_HAL_Driver/Src/stm32l4xx_hal_spi.o
LOAD ./Drivers/STM32L4xx_HAL_Driver/Src/stm32l4xx_hal_spi_ex.o
LOAD ./Drivers/STM32L4xx_HAL_Driver/Src/stm32l4xx_hal_tim.o
LOAD ./Drivers/STM32L4xx_HAL_Driver/Src/stm32l4xx_hal_tim_ex.o
LOAD ./Drivers/STM32L4xx_HAL_Driver/Src/stm32l4xx_hal_uart.o
LOAD ./Drivers/STM32L4xx_HAL_Driver/Src/stm32l4xx_hal_uart_ex.o
LOAD ./FATFS/App/fatfs.o
LOAD ./FATFS/Target/user_diskio.o
LOAD ./Middlewares/Third_Party/FatFs/src/diskio.o
LOAD ./Middlewares/Third_Party/FatFs/src/ff.o
LOAD ./Middlewares/Third_Party/FatFs/src/ff_gen_drv.o
LOAD ./Middlewares/Third_Party/FatFs/src/option/ccsbcs.o
LOAD ./Middlewares/Third_Party/FatFs/src/option/syscall.o
START GROUP
LOAD M:/STM32CubeIDE_2.1.0/STM32CubeIDE/plugins/com.st.stm32cube.ide.mcu.externaltools.gnu-tools-for-stm32.14.3.rel1.win32_1.0.100.202602081740/tools/bin/../lib/gcc/arm-none-eabi/14.3.1/../../../../arm-none-eabi/lib/thumb/v7e-m+fp/hard\libc_nano.a
LOAD M:/STM32CubeIDE_2.1.0/STM32CubeIDE/plugins/com.st.stm32cube.ide.mcu.externaltools.gnu-tools-for-stm32.14.3.rel1.win32_1.0.100.202602081740/tools/bin/../lib/gcc/arm-none-eabi/14.3.1/../../../../arm-none-eabi/lib/thumb/v7e-m+fp/hard\libm.a
END GROUP
START GROUP
LOAD M:/STM32CubeIDE_2.1.0/STM32CubeIDE/plugins/com.st.stm32cube.ide.mcu.externaltools.gnu-tools-for-stm32.14.3.rel1.win32_1.0.100.202602081740/tools/bin/../lib/gcc/arm-none-eabi/14.3.1/thumb/v7e-m+fp/hard\libgcc.a
LOAD M:/STM32CubeIDE_2.1.0/STM32CubeIDE/plugins/com.st.stm32cube.ide.mcu.externaltools.gnu-tools-for-stm32.14.3.rel1.win32_1.0.100.202602081740/tools/bin/../lib/gcc/arm-none-eabi/14.3.1/../../../../arm-none-eabi/lib/thumb/v7e-m+fp/hard\libc_nano.a
END GROUP
START GROUP
LOAD M:/STM32CubeIDE_2.1.0/STM32CubeIDE/plugins/com.st.stm32cube.ide.mcu.externaltools.gnu-tools-for-stm32.14.3.rel1.win32_1.0.100.202602081740/tools/bin/../lib/gcc/arm-none-eabi/14.3.1/thumb/v7e-m+fp/hard\libgcc.a
LOAD M:/STM32CubeIDE_2.1.0/STM32CubeIDE/plugins/com.st.stm32cube.ide.mcu.externaltools.gnu-tools-for-stm32.14.3.rel1.win32_1.0.100.202602081740/tools/bin/../lib/gcc/arm-none-eabi/14.3.1/../../../../arm-none-eabi/lib/thumb/v7e-m+fp/hard\libc_nano.a
LOAD M:/STM32CubeIDE_2.1.0/STM32CubeIDE/plugins/com.st.stm32cube.ide.mcu.externaltools.gnu-tools-for-stm32.14.3.rel1.win32_1.0.100.202602081740/tools/bin/../lib/gcc/arm-none-eabi/14.3.1/../../../../arm-none-eabi/lib/thumb/v7e-m+fp/hard\libnosys.a
END GROUP
START GROUP
LOAD M:/STM32CubeIDE_2.1.0/STM32CubeIDE/plugins/com.st.stm32cube.ide.mcu.externaltools.gnu-tools-for-stm32.14.3.rel1.win32_1.0.100.202602081740/tools/bin/../lib/gcc/arm-none-eabi/14.3.1/thumb/v7e-m+fp/hard\libgcc.a
LOAD M:/STM32CubeIDE_2.1.0/STM32CubeIDE/plugins/com.st.stm32cube.ide.mcu.externaltools.gnu-tools-for-stm32.14.3.rel1.win32_1.0.100.202602081740/tools/bin/../lib/gcc/arm-none-eabi/14.3.1/../../../../arm-none-eabi/lib/thumb/v7e-m+fp/hard\libc_nano.a
LOAD M:/STM32CubeIDE_2.1.0/STM32CubeIDE/plugins/com.st.stm32cube.ide.mcu.externaltools.gnu-tools-for-stm32.14.3.rel1.win32_1.0.100.202602081740/tools/bin/../lib/gcc/arm-none-eabi/14.3.1/../../../../arm-none-eabi/lib/thumb/v7e-m+fp/hard\libnosys.a
END GROUP
LOAD M:/STM32CubeIDE_2.1.0/STM32CubeIDE/plugins/com.st.stm32cube.ide.mcu.externaltools.gnu-tools-for-stm32.14.3.rel1.win32_1.0.100.202602081740/tools/bin/../lib/gcc/arm-none-eabi/14.3.1/thumb/v7e-m+fp/hard/crtend.o
LOAD M:/STM32CubeIDE_2.1.0/STM32CubeIDE/plugins/com.st.stm32cube.ide.mcu.externaltools.gnu-tools-for-stm32.14.3.rel1.win32_1.0.100.202602081740/tools/bin/../lib/gcc/arm-none-eabi/14.3.1/thumb/v7e-m+fp/hard/crtn.o
                0x20018000                        _estack = (ORIGIN (RAM) + LENGTH (RAM))
                0x00000200                        _Min_Heap_Size = 0x200
                0x00000400                        _Min_Stack_Size = 0x400

.isr_vector     0x08000000      0x188
                0x08000000                        . = ALIGN (0x4)
 *(.isr_vector)
 .isr_vector    0x08000000      0x188 ./Core/Startup/startup_stm32l476rgtx.o
                0x08000000                g_pfnVectors
                0x08000188                        . = ALIGN (0x4)

.text           0x08000190     0x7164
                0x08000190                        . = ALIGN (0x4)
 *(.text)
 .text          0x08000190       0x40 M:/STM32CubeIDE_2.1.0/STM32CubeIDE/plugins/com.st.stm32cube.ide.mcu.externaltools.gnu-tools-for-stm32.14.3.rel1.win32_1.0.100.202602081740/tools/bin/../lib/gcc/arm-none-eabi/14.3.1/thumb/v7e-m+fp/hard/crtbegin.o
 .text          0x080001d0       0xa0 M:/STM32CubeIDE_2.1.0/STM32CubeIDE/plugins/com.st.stm32cube.ide.mcu.externaltools.gnu-tools-for-stm32.14.3.rel1.win32_1.0.100.202602081740/tools/bin/../lib/gcc/arm-none-eabi/14.3.1/../../../../arm-none-eabi/lib/thumb/v7e-m+fp/hard\libc_nano.a(libc_a-memchr.o)
                0x080001d0                memchr
 .text          0x08000270      0x378 M:/STM32CubeIDE_2.1.0/STM32CubeIDE/plugins/com.st.stm32cube.ide.mcu.externaltools.gnu-tools-for-stm32.14.3.rel1.win32_1.0.100.202602081740/tools/bin/../lib/gcc/arm-none-eabi/14.3.1/thumb/v7e-m+fp/hard\libgcc.a(_arm_addsubdf3.o)
                0x08000270                __aeabi_drsub
                0x08000278                __aeabi_dsub
                0x08000278                __subdf3
                0x0800027c                __aeabi_dadd
                0x0800027c                __adddf3
                0x080004f4                __floatunsidf
                0x080004f4                __aeabi_ui2d
                0x08000514                __floatsidf
                0x08000514                __aeabi_i2d
                0x08000538                __aeabi_f2d
                0x08000538                __extendsfdf2
                0x0800057c                __floatundidf
                0x0800057c                __aeabi_ul2d
                0x0800058c                __floatdidf
                0x0800058c                __aeabi_l2d
 .text          0x080005e8      0x424 M:/STM32CubeIDE_2.1.0/STM32CubeIDE/plugins/com.st.stm32cube.ide.mcu.externaltools.gnu-tools-for-stm32.14.3.rel1.win32_1.0.100.202602081740/tools/bin/../lib/gcc/arm-none-eabi/14.3.1/thumb/v7e-m+fp/hard\libgcc.a(_arm_muldivdf3.o)
                0x080005e8                __aeabi_dmul
                0x080005e8                __muldf3
                0x0800083c                __divdf3
                0x0800083c                __aeabi_ddiv
 .text          0x08000a0c      0x110 M:/STM32CubeIDE_2.1.0/STM32CubeIDE/plugins/com.st.stm32cube.ide.mcu.externaltools.gnu-tools-for-stm32.14.3.rel1.win32_1.0.100.202602081740/tools/bin/../lib/gcc/arm-none-eabi/14.3.1/thumb/v7e-m+fp/hard\libgcc.a(_arm_cmpdf2.o)
                0x08000a0c                __gtdf2
                0x08000a0c                __gedf2
                0x08000a14                __ltdf2
                0x08000a14                __ledf2
                0x08000a1c                __nedf2
                0x08000a1c                __eqdf2
                0x08000a1c                __cmpdf2
                0x08000a98                __aeabi_cdrcmple
                0x08000aa8                __aeabi_cdcmpeq
                0x08000aa8                __aeabi_cdcmple
                0x08000ab8                __aeabi_dcmpeq
                0x08000acc                __aeabi_dcmplt
                0x08000ae0                __aeabi_dcmple
                0x08000af4                __aeabi_dcmpge
                0x08000b08                __aeabi_dcmpgt
 .text          0x08000b1c       0x40 M:/STM32CubeIDE_2.1.0/STM32CubeIDE/plugins/com.st.stm32cube.ide.mcu.externaltools.gnu-tools-for-stm32.14.3.rel1.win32_1.0.100.202602081740/tools/bin/../lib/gcc/arm-none-eabi/14.3.1/thumb/v7e-m+fp/hard\libgcc.a(_arm_fixunsdfsi.o)
                0x08000b1c                __aeabi_d2uiz
                0x08000b1c                __fixunsdfsi
 .text          0x08000b5c       0xa0 M:/STM32CubeIDE_2.1.0/STM32CubeIDE/plugins/com.st.stm32cube.ide.mcu.externaltools.gnu-tools-for-stm32.14.3.rel1.win32_1.0.100.202602081740/tools/bin/../lib/gcc/arm-none-eabi/14.3.1/thumb/v7e-m+fp/hard\libgcc.a(_arm_truncdfsf2.o)
                0x08000b5c                __truncdfsf2
                0x08000b5c                __aeabi_d2f
 .text          0x08000bfc       0x30 M:/STM32CubeIDE_2.1.0/STM32CubeIDE/plugins/com.st.stm32cube.ide.mcu.externaltools.gnu-tools-for-stm32.14.3.rel1.win32_1.0.100.202602081740/tools/bin/../lib/gcc/arm-none-eabi/14.3.1/thumb/v7e-m+fp/hard\libgcc.a(_aeabi_uldivmod.o)
                0x08000bfc                __aeabi_uldivmod
 .text          0x08000c2c      0x2f8 M:/STM32CubeIDE_2.1.0/STM32CubeIDE/plugins/com.st.stm32cube.ide.mcu.externaltools.gnu-tools-for-stm32.14.3.rel1.win32_1.0.100.202602081740/tools/bin/../lib/gcc/arm-none-eabi/14.3.1/thumb/v7e-m+fp/hard\libgcc.a(_udivmoddi4.o)
                0x08000c2c                __udivmoddi4
 .text          0x08000f24        0x4 M:/STM32CubeIDE_2.1.0/STM32CubeIDE/plugins/com.st.stm32cube.ide.mcu.externaltools.gnu-tools-for-stm32.14.3.rel1.win32_1.0.100.202602081740/tools/bin/../lib/gcc/arm-none-eabi/14.3.1/thumb/v7e-m+fp/hard\libgcc.a(_dvmd_tls.o)
                0x08000f24                __aeabi_idiv0
                0x08000f24                __aeabi_ldiv0
 *(.text*)
 .text.INA219_INIT
                0x08000f28       0x64 ./Core/Src/ina219.o
                0x08000f28                INA219_INIT
 .text.INA219_READ_CURRENT
                0x08000f8c       0x54 ./Core/Src/ina219.o
                0x08000f8c                INA219_READ_CURRENT
 .text.SystemClock_Config
                0x08000fe0       0x74 ./Core/Src/main.o
                0x08000fe0                SystemClock_Config
 .text.startup.main
                0x08001054      0x4ec ./Core/Src/main.o
                0x08001054                main
 .text.HAL_TIM_PeriodElapsedCallback
                0x08001540       0x4c ./Core/Src/main.o
                0x08001540                HAL_TIM_PeriodElapsedCallback
 .text.Error_Handler
                0x0800158c        0x4 ./Core/Src/main.o
                0x0800158c                Error_Handler
 .text.MAX31865_Config
                0x08001590       0x36 ./Core/Src/max31865.o
                0x08001590                MAX31865_Config
 .text.MAX31865_Init
                0x080015c6       0x22 ./Core/Src/max31865.o
                0x080015c6                MAX31865_Init
 .text.MAX31865_Read_Temp
                0x080015e8       0xbc ./Core/Src/max31865.o
                0x080015e8                MAX31865_Read_Temp
 .text.SPI_TxByte
                0x080016a4       0x1c ./Core/Src/sd_functions.o
 .text.SELECT   0x080016c0       0x1c ./Core/Src/sd_functions.o
 .text.DESELECT
                0x080016dc       0x1c ./Core/Src/sd_functions.o
 .text.SPI_RxByte
                0x080016f8       0x30 ./Core/Src/sd_functions.o
 .text.SD_ReadyWait
                0x08001728       0x20 ./Core/Src/sd_functions.o
 .text.SD_TxDataBlock
                0x08001748       0x68 ./Core/Src/sd_functions.o
 .text.SD_SendCmd
                0x080017b0       0x64 ./Core/Src/sd_functions.o
 .text.SD_RxDataBlock
                0x08001814       0x44 ./Core/Src/sd_functions.o
 .text.SD_PowerOn
                0x08001858       0x5c ./Core/Src/sd_functions.o
 .text.SD_disk_initialize
                0x080018b4      0x158 ./Core/Src/sd_functions.o
                0x080018b4                SD_disk_initialize
 .text.SD_disk_status
                0x08001a0c       0x14 ./Core/Src/sd_functions.o
                0x08001a0c                SD_disk_status
 .text.SD_disk_read
                0x08001a20       0x8c ./Core/Src/sd_functions.o
                0x08001a20                SD_disk_read
 .text.SD_disk_write
                0x08001aac       0xb0 ./Core/Src/sd_functions.o
                0x08001aac                SD_disk_write
 .text.SD_disk_ioctl
                0x08001b5c      0x148 ./Core/Src/sd_functions.o
                0x08001b5c                SD_disk_ioctl
 .text.Sensors_Init
                0x08001ca4       0x3c ./Core/Src/sensors.o
                0x08001ca4                Sensors_Init
 .text.readSensors
                0x08001ce0       0xec ./Core/Src/sensors.o
                0x08001ce0                readSensors
 .text.HAL_MspInit
                0x08001dcc       0x30 ./Core/Src/stm32l4xx_hal_msp.o
                0x08001dcc                HAL_MspInit
 .text.HAL_I2C_MspInit
                0x08001dfc       0x88 ./Core/Src/stm32l4xx_hal_msp.o
                0x08001dfc                HAL_I2C_MspInit
 .text.HAL_SPI_MspInit
                0x08001e84       0xf8 ./Core/Src/stm32l4xx_hal_msp.o
                0x08001e84                HAL_SPI_MspInit
 .text.HAL_TIM_Base_MspInit
                0x08001f7c       0x98 ./Core/Src/stm32l4xx_hal_msp.o
                0x08001f7c                HAL_TIM_Base_MspInit
 .text.HAL_UART_MspInit
                0x08002014       0x84 ./Core/Src/stm32l4xx_hal_msp.o
                0x08002014                HAL_UART_MspInit
 .text.NMI_Handler
                0x08002098        0x2 ./Core/Src/stm32l4xx_it.o
                0x08002098                NMI_Handler
 .text.HardFault_Handler
                0x0800209a        0x2 ./Core/Src/stm32l4xx_it.o
                0x0800209a                HardFault_Handler
 .text.MemManage_Handler
                0x0800209c        0x2 ./Core/Src/stm32l4xx_it.o
                0x0800209c                MemManage_Handler
 .text.BusFault_Handler
                0x0800209e        0x2 ./Core/Src/stm32l4xx_it.o
                0x0800209e                BusFault_Handler
 .text.UsageFault_Handler
                0x080020a0        0x2 ./Core/Src/stm32l4xx_it.o
                0x080020a0                UsageFault_Handler
 .text.SVC_Handler
                0x080020a2        0x2 ./Core/Src/stm32l4xx_it.o
                0x080020a2                SVC_Handler
 .text.DebugMon_Handler
                0x080020a4        0x2 ./Core/Src/stm32l4xx_it.o
                0x080020a4                DebugMon_Handler
 .text.PendSV_Handler
                0x080020a6        0x2 ./Core/Src/stm32l4xx_it.o
                0x080020a6                PendSV_Handler
 .text.SysTick_Handler
                0x080020a8        0x4 ./Core/Src/stm32l4xx_it.o
                0x080020a8                SysTick_Handler
 .text.TIM2_IRQHandler
                0x080020ac        0xc ./Core/Src/stm32l4xx_it.o
                0x080020ac                TIM2_IRQHandler
 .text.TIM3_IRQHandler
                0x080020b8        0xc ./Core/Src/stm32l4xx_it.o
                0x080020b8                TIM3_IRQHandler
 .text.TIM4_IRQHandler
                0x080020c4        0xc ./Core/Src/stm32l4xx_it.o
                0x080020c4                TIM4_IRQHandler
 .text._read    0x080020d0       0x1c ./Core/Src/syscalls.o
                0x080020d0                _read
 .text._close   0x080020ec        0x6 ./Core/Src/syscalls.o
                0x080020ec                _close
 .text._fstat   0x080020f2        0xa ./Core/Src/syscalls.o
                0x080020f2                _fstat
 .text._isatty  0x080020fc        0x4 ./Core/Src/syscalls.o
                0x080020fc                _isatty
 .text._lseek   0x08002100        0x4 ./Core/Src/syscalls.o
                0x08002100                _lseek
 .text._sbrk    0x08002104       0x3c ./Core/Src/sysmem.o
                0x08002104                _sbrk
 .text.SystemInit
                0x08002140       0x14 ./Core/Src/system_stm32l4xx.o
                0x08002140                SystemInit
 .text._write   0x08002154       0x18 ./Core/Src/telemetry.o
                0x08002154                _write
 .text.printTelemetry
                0x0800216c      0x114 ./Core/Src/telemetry.o
                0x0800216c                printTelemetry
 .text.TMP102_Read_Temp
                0x08002280       0x54 ./Core/Src/tmp102.o
                0x08002280                TMP102_Read_Temp
 .text.Reset_Handler
                0x080022d4       0x50 ./Core/Startup/startup_stm32l476rgtx.o
                0x080022d4                Reset_Handler
 .text.Default_Handler
                0x08002324        0x2 ./Core/Startup/startup_stm32l476rgtx.o
                0x08002324                RTC_Alarm_IRQHandler
                0x08002324                EXTI2_IRQHandler
                0x08002324                TIM8_TRG_COM_IRQHandler
                0x08002324                TIM8_CC_IRQHandler
                0x08002324                TIM1_CC_IRQHandler
                0x08002324                TSC_IRQHandler
                0x08002324                TAMP_STAMP_IRQHandler
                0x08002324                EXTI3_IRQHandler
                0x08002324                LPTIM2_IRQHandler
                0x08002324                DFSDM1_FLT1_IRQHandler
                0x08002324                I2C3_ER_IRQHandler
                0x08002324                DFSDM1_FLT2_IRQHandler
                0x08002324                EXTI0_IRQHandler
                0x08002324                I2C2_EV_IRQHandler
                0x08002324                CAN1_RX0_IRQHandler
                0x08002324                FPU_IRQHandler
                0x08002324                TIM1_UP_TIM16_IRQHandler
                0x08002324                ADC1_2_IRQHandler
                0x08002324                SPI1_IRQHandler
                0x08002324                TIM6_DAC_IRQHandler
                0x08002324                TIM8_UP_IRQHandler
                0x08002324                DMA2_Channel2_IRQHandler
                0x08002324                DMA1_Channel4_IRQHandler
                0x08002324                SAI2_IRQHandler
                0x08002324                DFSDM1_FLT3_IRQHandler
                0x08002324                USART3_IRQHandler
                0x08002324                DMA1_Channel7_IRQHandler
                0x08002324                CAN1_RX1_IRQHandler
                0x08002324                LCD_IRQHandler
                0x08002324                UART5_IRQHandler
                0x08002324                ADC3_IRQHandler
                0x08002324                DMA2_Channel1_IRQHandler
                0x08002324                QUADSPI_IRQHandler
                0x08002324                I2C1_EV_IRQHandler
                0x08002324                DMA1_Channel6_IRQHandler
                0x08002324                UART4_IRQHandler
                0x08002324                DMA2_Channel4_IRQHandler
                0x08002324                RCC_IRQHandler
                0x08002324                DMA1_Channel1_IRQHandler
                0x08002324                Default_Handler
                0x08002324                DMA2_Channel7_IRQHandler
                0x08002324                EXTI15_10_IRQHandler
                0x08002324                TIM7_IRQHandler
                0x08002324                SDMMC1_IRQHandler
                0x08002324                TIM5_IRQHandler
                0x08002324                I2C3_EV_IRQHandler
                0x08002324                EXTI9_5_IRQHandler
                0x08002324                RTC_WKUP_IRQHandler
                0x08002324                PVD_PVM_IRQHandler
                0x08002324                SPI2_IRQHandler
                0x08002324                CAN1_TX_IRQHandler
                0x08002324                DMA2_Channel5_IRQHandler
                0x08002324                DMA1_Channel5_IRQHandler
                0x08002324                EXTI4_IRQHandler
                0x08002324                RNG_IRQHandler
                0x08002324                TIM1_TRG_COM_TIM17_IRQHandler
                0x08002324                DMA1_Channel3_IRQHandler
                0x08002324                COMP_IRQHandler
                0x08002324                WWDG_IRQHandler
                0x08002324                LPUART1_IRQHandler
                0x08002324                DMA2_Channel6_IRQHandler
                0x08002324                EXTI1_IRQHandler
                0x08002324                USART2_IRQHandler
                0x08002324                DFSDM1_FLT0_IRQHandler
                0x08002324                I2C2_ER_IRQHandler
                0x08002324                DMA1_Channel2_IRQHandler
                0x08002324                TIM8_BRK_IRQHandler
                0x08002324                CAN1_SCE_IRQHandler
                0x08002324                FLASH_IRQHandler
                0x08002324                USART1_IRQHandler
                0x08002324                OTG_FS_IRQHandler
                0x08002324                SPI3_IRQHandler
                0x08002324                I2C1_ER_IRQHandler
                0x08002324                FMC_IRQHandler
                0x08002324                SWPMI1_IRQHandler
                0x08002324                LPTIM1_IRQHandler
                0x08002324                SAI1_IRQHandler
                0x08002324                DMA2_Channel3_IRQHandler
                0x08002324                TIM1_BRK_TIM15_IRQHandler
 *fill*         0x08002326        0x2 
 .text.HAL_InitTick
                0x08002328       0x4c ./Drivers/STM32L4xx_HAL_Driver/Src/stm32l4xx_hal.o
                0x08002328                HAL_InitTick
 .text.HAL_Init
                0x08002374       0x2c ./Drivers/STM32L4xx_HAL_Driver/Src/stm32l4xx_hal.o
                0x08002374                HAL_Init
 .text.HAL_IncTick
                0x080023a0       0x18 ./Drivers/STM32L4xx_HAL_Driver/Src/stm32l4xx_hal.o
                0x080023a0                HAL_IncTick
 .text.HAL_GetTick
                0x080023b8        0xc ./Drivers/STM32L4xx_HAL_Driver/Src/stm32l4xx_hal.o
                0x080023b8                HAL_GetTick
 .text.HAL_Delay
                0x080023c4       0x28 ./Drivers/STM32L4xx_HAL_Driver/Src/stm32l4xx_hal.o
                0x080023c4                HAL_Delay
 .text.HAL_NVIC_SetPriorityGrouping
                0x080023ec       0x24 ./Drivers/STM32L4xx_HAL_Driver/Src/stm32l4xx_hal_cortex.o
                0x080023ec                HAL_NVIC_SetPriorityGrouping
 .text.HAL_NVIC_SetPriority
                0x08002410       0x64 ./Drivers/STM32L4xx_HAL_Driver/Src/stm32l4xx_hal_cortex.o
                0x08002410                HAL_NVIC_SetPriority
 .text.HAL_NVIC_EnableIRQ
                0x08002474       0x1c ./Drivers/STM32L4xx_HAL_Driver/Src/stm32l4xx_hal_cortex.o
                0x08002474                HAL_NVIC_EnableIRQ
 .text.HAL_SYSTICK_Config
                0x08002490       0x28 ./Drivers/STM32L4xx_HAL_Driver/Src/stm32l4xx_hal_cortex.o
                0x08002490                HAL_SYSTICK_Config
 .text.HAL_GPIO_Init
                0x080024b8      0x1b4 ./Drivers/STM32L4xx_HAL_Driver/Src/stm32l4xx_hal_gpio.o
                0x080024b8                HAL_GPIO_Init
 .text.HAL_GPIO_WritePin
                0x0800266c        0xa ./Drivers/STM32L4xx_HAL_Driver/Src/stm32l4xx_hal_gpio.o
                0x0800266c                HAL_GPIO_WritePin
 .text.I2C_Flush_TXDR
                0x08002676       0x1c ./Drivers/STM32L4xx_HAL_Driver/Src/stm32l4xx_hal_i2c.o
 *fill*         0x08002692        0x2 
 .text.I2C_TransferConfig
                0x08002694       0x2c ./Drivers/STM32L4xx_HAL_Driver/Src/stm32l4xx_hal_i2c.o
 .text.I2C_IsErrorOccurred
                0x080026c0      0x102 ./Drivers/STM32L4xx_HAL_Driver/Src/stm32l4xx_hal_i2c.o
 .text.I2C_WaitOnTXISFlagUntilTimeout
                0x080027c2       0x56 ./Drivers/STM32L4xx_HAL_Driver/Src/stm32l4xx_hal_i2c.o
 .text.I2C_WaitOnFlagUntilTimeout
                0x08002818       0x76 ./Drivers/STM32L4xx_HAL_Driver/Src/stm32l4xx_hal_i2c.o
 .text.I2C_WaitOnSTOPFlagUntilTimeout
                0x0800288e       0x52 ./Drivers/STM32L4xx_HAL_Driver/Src/stm32l4xx_hal_i2c.o
 .text.HAL_I2C_Init
                0x080028e0       0xaa ./Drivers/STM32L4xx_HAL_Driver/Src/stm32l4xx_hal_i2c.o
                0x080028e0                HAL_I2C_Init
 *fill*         0x0800298a        0x2 
 .text.HAL_I2C_Mem_Write
                0x0800298c      0x1b4 ./Drivers/STM32L4xx_HAL_Driver/Src/stm32l4xx_hal_i2c.o
                0x0800298c                HAL_I2C_Mem_Write
 .text.HAL_I2C_Mem_Read
                0x08002b40      0x1bc ./Drivers/STM32L4xx_HAL_Driver/Src/stm32l4xx_hal_i2c.o
                0x08002b40                HAL_I2C_Mem_Read
 .text.HAL_I2CEx_ConfigAnalogFilter
                0x08002cfc       0x4c ./Drivers/STM32L4xx_HAL_Driver/Src/stm32l4xx_hal_i2c_ex.o
                0x08002cfc                HAL_I2CEx_ConfigAnalogFilter
 .text.HAL_I2CEx_ConfigDigitalFilter
                0x08002d48       0x4a ./Drivers/STM32L4xx_HAL_Driver/Src/stm32l4xx_hal_i2c_ex.o
                0x08002d48                HAL_I2CEx_ConfigDigitalFilter
 *fill*         0x08002d92        0x2 
 .text.HAL_PWREx_GetVoltageRange
                0x08002d94       0x10 ./Drivers/STM32L4xx_HAL_Driver/Src/stm32l4xx_hal_pwr_ex.o
                0x08002d94                HAL_PWREx_GetVoltageRange
 .text.HAL_PWREx_ControlVoltageScaling
                0x08002da4       0x6c ./Drivers/STM32L4xx_HAL_Driver/Src/stm32l4xx_hal_pwr_ex.o
                0x08002da4                HAL_PWREx_ControlVoltageScaling
 .text.RCC_SetFlashLatencyFromMSIRange
                0x08002e10       0x84 ./Drivers/STM32L4xx_HAL_Driver/Src/stm32l4xx_hal_rcc.o
 .text.HAL_RCC_GetSysClockFreq
                0x08002e94       0x94 ./Drivers/STM32L4xx_HAL_Driver/Src/stm32l4xx_hal_rcc.o
                0x08002e94                HAL_RCC_GetSysClockFreq
 .text.HAL_RCC_OscConfig
                0x08002f28      0x4fc ./Drivers/STM32L4xx_HAL_Driver/Src/stm32l4xx_hal_rcc.o
                0x08002f28                HAL_RCC_OscConfig
 .text.HAL_RCC_ClockConfig
                0x08003424      0x154 ./Drivers/STM32L4xx_HAL_Driver/Src/stm32l4xx_hal_rcc.o
                0x08003424                HAL_RCC_ClockConfig
 .text.HAL_RCC_GetPCLK1Freq
                0x08003578       0x24 ./Drivers/STM32L4xx_HAL_Driver/Src/stm32l4xx_hal_rcc.o
                0x08003578                HAL_RCC_GetPCLK1Freq
 .text.HAL_RCC_GetPCLK2Freq
                0x0800359c       0x24 ./Drivers/STM32L4xx_HAL_Driver/Src/stm32l4xx_hal_rcc.o
                0x0800359c                HAL_RCC_GetPCLK2Freq
 .text.RCCEx_PLLSAI1_Config
                0x080035c0      0x10c ./Drivers/STM32L4xx_HAL_Driver/Src/stm32l4xx_hal_rcc_ex.o
 .text.RCCEx_PLLSAI2_Config
                0x080036cc       0xf4 ./Drivers/STM32L4xx_HAL_Driver/Src/stm32l4xx_hal_rcc_ex.o
 .text.HAL_RCCEx_PeriphCLKConfig
                0x080037c0      0x3f4 ./Drivers/STM32L4xx_HAL_Driver/Src/stm32l4xx_hal_rcc_ex.o
                0x080037c0                HAL_RCCEx_PeriphCLKConfig
 .text.SPI_WaitFlagStateUntilTimeout.constprop.0
                0x08003bb4       0xa0 ./Drivers/STM32L4xx_HAL_Driver/Src/stm32l4xx_hal_spi.o
 .text.SPI_WaitFifoStateUntilTimeout.constprop.0
                0x08003c54       0xc4 ./Drivers/STM32L4xx_HAL_Driver/Src/stm32l4xx_hal_spi.o
 .text.SPI_EndRxTxTransaction
                0x08003d18       0x44 ./Drivers/STM32L4xx_HAL_Driver/Src/stm32l4xx_hal_spi.o
 .text.HAL_SPI_Init
                0x08003d5c       0xd4 ./Drivers/STM32L4xx_HAL_Driver/Src/stm32l4xx_hal_spi.o
                0x08003d5c                HAL_SPI_Init
 .text.HAL_SPI_Transmit
                0x08003e30      0x18c ./Drivers/STM32L4xx_HAL_Driver/Src/stm32l4xx_hal_spi.o
                0x08003e30                HAL_SPI_Transmit
 .text.HAL_SPI_TransmitReceive
                0x08003fbc      0x266 ./Drivers/STM32L4xx_HAL_Driver/Src/stm32l4xx_hal_spi.o
                0x08003fbc                HAL_SPI_TransmitReceive
 *fill*         0x08004222        0x2 
 .text.TIM_TI1_ConfigInputStage
                0x08004224       0x54 ./Drivers/STM32L4xx_HAL_Driver/Src/stm32l4xx_hal_tim.o
 .text.TIM_TI2_ConfigInputStage
                0x08004278       0x40 ./Drivers/STM32L4xx_HAL_Driver/Src/stm32l4xx_hal_tim.o
 .text.HAL_TIM_Base_Start_IT
                0x080042b8       0x74 ./Drivers/STM32L4xx_HAL_Driver/Src/stm32l4xx_hal_tim.o
                0x080042b8                HAL_TIM_Base_Start_IT
 .text.HAL_TIM_Base_Stop_IT
                0x0800432c       0x32 ./Drivers/STM32L4xx_HAL_Driver/Src/stm32l4xx_hal_tim.o
                0x0800432c                HAL_TIM_Base_Stop_IT
 .text.HAL_TIM_OC_DelayElapsedCallback
                0x0800435e        0x2 ./Drivers/STM32L4xx_HAL_Driver/Src/stm32l4xx_hal_tim.o
                0x0800435e                HAL_TIM_OC_DelayElapsedCallback
 .text.HAL_TIM_IC_CaptureCallback
                0x08004360        0x2 ./Drivers/STM32L4xx_HAL_Driver/Src/stm32l4xx_hal_tim.o
                0x08004360                HAL_TIM_IC_CaptureCallback
 .text.HAL_TIM_PWM_PulseFinishedCallback
                0x08004362        0x2 ./Drivers/STM32L4xx_HAL_Driver/Src/stm32l4xx_hal_tim.o
                0x08004362                HAL_TIM_PWM_PulseFinishedCallback
 .text.HAL_TIM_TriggerCallback
                0x08004364        0x2 ./Drivers/STM32L4xx_HAL_Driver/Src/stm32l4xx_hal_tim.o
                0x08004364                HAL_TIM_TriggerCallback
 .text.HAL_TIM_IRQHandler
                0x08004366      0x140 ./Drivers/STM32L4xx_HAL_Driver/Src/stm32l4xx_hal_tim.o
                0x08004366                HAL_TIM_IRQHandler
 *fill*         0x080044a6        0x2 
 .text.TIM_Base_SetConfig
                0x080044a8       0xa8 ./Drivers/STM32L4xx_HAL_Driver/Src/stm32l4xx_hal_tim.o
                0x080044a8                TIM_Base_SetConfig
 .text.HAL_TIM_Base_Init
                0x08004550       0x60 ./Drivers/STM32L4xx_HAL_Driver/Src/stm32l4xx_hal_tim.o
                0x08004550                HAL_TIM_Base_Init
 .text.TIM_ETR_SetConfig
                0x080045b0       0x14 ./Drivers/STM32L4xx_HAL_Driver/Src/stm32l4xx_hal_tim.o
                0x080045b0                TIM_ETR_SetConfig
 .text.HAL_TIM_ConfigClockSource
                0x080045c4       0xe0 ./Drivers/STM32L4xx_HAL_Driver/Src/stm32l4xx_hal_tim.o
                0x080045c4                HAL_TIM_ConfigClockSource
 .text.HAL_TIMEx_MasterConfigSynchronization
                0x080046a4       0x8c ./Drivers/STM32L4xx_HAL_Driver/Src/stm32l4xx_hal_tim_ex.o
                0x080046a4                HAL_TIMEx_MasterConfigSynchronization
 .text.HAL_TIMEx_CommutCallback
                0x08004730        0x2 ./Drivers/STM32L4xx_HAL_Driver/Src/stm32l4xx_hal_tim_ex.o
                0x08004730                HAL_TIMEx_CommutCallback
 .text.HAL_TIMEx_BreakCallback
                0x08004732        0x2 ./Drivers/STM32L4xx_HAL_Driver/Src/stm32l4xx_hal_tim_ex.o
                0x08004732                HAL_TIMEx_BreakCallback
 .text.HAL_TIMEx_Break2Callback
                0x08004734        0x2 ./Drivers/STM32L4xx_HAL_Driver/Src/stm32l4xx_hal_tim_ex.o
                0x08004734                HAL_TIMEx_Break2Callback
 .text.UART_EndRxTransfer
                0x08004736       0x50 ./Drivers/STM32L4xx_HAL_Driver/Src/stm32l4xx_hal_uart.o
 *fill*         0x08004786        0x2 
 .text.UART_SetConfig
                0x08004788      0x210 ./Drivers/STM32L4xx_HAL_Driver/Src/stm32l4xx_hal_uart.o
                0x08004788                UART_SetConfig
 .text.UART_AdvFeatureConfig
                0x08004998       0xa8 ./Drivers/STM32L4xx_HAL_Driver/Src/stm32l4xx_hal_uart.o
                0x08004998                UART_AdvFeatureConfig
 .text.UART_WaitOnFlagUntilTimeout
                0x08004a40       0x90 ./Drivers/STM32L4xx_HAL_Driver/Src/stm32l4xx_hal_uart.o
                0x08004a40                UART_WaitOnFlagUntilTimeout
 .text.HAL_UART_Transmit
                0x08004ad0       0xac ./Drivers/STM32L4xx_HAL_Driver/Src/stm32l4xx_hal_uart.o
                0x08004ad0                HAL_UART_Transmit
 .text.UART_CheckIdleState
                0x08004b7c       0xb2 ./Drivers/STM32L4xx_HAL_Driver/Src/stm32l4xx_hal_uart.o
                0x08004b7c                UART_CheckIdleState
 .text.HAL_UART_Init
                0x08004c2e       0x5c ./Drivers/STM32L4xx_HAL_Driver/Src/stm32l4xx_hal_uart.o
                0x08004c2e                HAL_UART_Init
 *fill*         0x08004c8a        0x2 
 .text.MX_FATFS_Init
                0x08004c8c       0x1c ./FATFS/App/fatfs.o
                0x08004c8c                MX_FATFS_Init
 .text.get_fattime
                0x08004ca8        0x4 ./FATFS/App/fatfs.o
                0x08004ca8                get_fattime
 .text.USER_initialize
                0x08004cac        0x4 ./FATFS/Target/user_diskio.o
                0x08004cac                USER_initialize
 .text.USER_status
                0x08004cb0        0x4 ./FATFS/Target/user_diskio.o
                0x08004cb0                USER_status
 .text.USER_read
                0x08004cb4        0x4 ./FATFS/Target/user_diskio.o
                0x08004cb4                USER_read
 .text.USER_write
                0x08004cb8        0x4 ./FATFS/Target/user_diskio.o
                0x08004cb8                USER_write
 .text.USER_ioctl
                0x08004cbc        0x4 ./FATFS/Target/user_diskio.o
                0x08004cbc                USER_ioctl
 .text.disk_status
                0x08004cc0       0x14 ./Middlewares/Third_Party/FatFs/src/diskio.o
                0x08004cc0                disk_status
 .text.disk_initialize
                0x08004cd4       0x20 ./Middlewares/Third_Party/FatFs/src/diskio.o
                0x08004cd4                disk_initialize
 .text.disk_read
                0x08004cf4       0x1c ./Middlewares/Third_Party/FatFs/src/diskio.o
                0x08004cf4                disk_read
 .text.disk_write
                0x08004d10       0x1c ./Middlewares/Third_Party/FatFs/src/diskio.o
                0x08004d10                disk_write
 .text.disk_ioctl
                0x08004d2c       0x1c ./Middlewares/Third_Party/FatFs/src/diskio.o
                0x08004d2c                disk_ioctl
 .text.ld_dword
                0x08004d48        0x4 ./Middlewares/Third_Party/FatFs/src/ff.o
 .text.st_dword
                0x08004d4c       0x10 ./Middlewares/Third_Party/FatFs/src/ff.o
 .text.mem_set  0x08004d5c        0xc ./Middlewares/Third_Party/FatFs/src/ff.o
 .text.chk_lock
                0x08004d68       0x74 ./Middlewares/Third_Party/FatFs/src/ff.o
 .text.inc_lock
                0x08004ddc       0x84 ./Middlewares/Third_Party/FatFs/src/ff.o
 .text.dec_lock
                0x08004e60       0x3c ./Middlewares/Third_Party/FatFs/src/ff.o
 .text.clear_lock
                0x08004e9c       0x1c ./Middlewares/Third_Party/FatFs/src/ff.o
 .text.clust2sect
                0x08004eb8       0x16 ./Middlewares/Third_Party/FatFs/src/ff.o
 .text.clmt_clust
                0x08004ece       0x22 ./Middlewares/Third_Party/FatFs/src/ff.o
 .text.sum_sfn  0x08004ef0       0x1e ./Middlewares/Third_Party/FatFs/src/ff.o
 .text.get_ldnumber
                0x08004f0e       0x30 ./Middlewares/Third_Party/FatFs/src/ff.o
 .text.validate
                0x08004f3e       0x34 ./Middlewares/Third_Party/FatFs/src/ff.o
 .text.sync_window
                0x08004f72       0x4a ./Middlewares/Third_Party/FatFs/src/ff.o
 .text.sync_fs  0x08004fbc       0x96 ./Middlewares/Third_Party/FatFs/src/ff.o
 .text.mem_cpy.part.0
                0x08005052       0x12 ./Middlewares/Third_Party/FatFs/src/ff.o
 .text.st_clust
                0x08005064       0x18 ./Middlewares/Third_Party/FatFs/src/ff.o
 .text.move_window
                0x0800507c       0x30 ./Middlewares/Third_Party/FatFs/src/ff.o
 .text.check_fs
                0x080050ac       0x78 ./Middlewares/Third_Party/FatFs/src/ff.o
 .text.find_volume
                0x08005124      0x250 ./Middlewares/Third_Party/FatFs/src/ff.o
 .text.put_fat  0x08005374       0xf0 ./Middlewares/Third_Party/FatFs/src/ff.o
 .text.ld_clust.isra.0
                0x08005464       0x10 ./Middlewares/Third_Party/FatFs/src/ff.o
 .text.get_fat.isra.0
                0x08005474       0xac ./Middlewares/Third_Party/FatFs/src/ff.o
 .text.remove_chain
                0x08005520       0x6e ./Middlewares/Third_Party/FatFs/src/ff.o
 .text.create_chain
                0x0800558e       0xb0 ./Middlewares/Third_Party/FatFs/src/ff.o
 .text.dir_next
                0x0800563e       0xec ./Middlewares/Third_Party/FatFs/src/ff.o
 .text.dir_sdi  0x0800572a       0x80 ./Middlewares/Third_Party/FatFs/src/ff.o
 *fill*         0x080057aa        0x2 
 .text.dir_find
                0x080057ac      0x158 ./Middlewares/Third_Party/FatFs/src/ff.o
 .text.dir_register
                0x08005904      0x288 ./Middlewares/Third_Party/FatFs/src/ff.o
 .text.follow_path
                0x08005b8c      0x27c ./Middlewares/Third_Party/FatFs/src/ff.o
 .text.f_mount  0x08005e08       0x4c ./Middlewares/Third_Party/FatFs/src/ff.o
                0x08005e08                f_mount
 .text.f_open   0x08005e54      0x214 ./Middlewares/Third_Party/FatFs/src/ff.o
                0x08005e54                f_open
 .text.f_write  0x08006068      0x19c ./Middlewares/Third_Party/FatFs/src/ff.o
                0x08006068                f_write
 .text.f_sync   0x08006204       0x96 ./Middlewares/Third_Party/FatFs/src/ff.o
                0x08006204                f_sync
 .text.f_close  0x0800629a       0x2a ./Middlewares/Third_Party/FatFs/src/ff.o
                0x0800629a                f_close
 .text.FATFS_LinkDriverEx
                0x080062c4       0x40 ./Middlewares/Third_Party/FatFs/src/ff_gen_drv.o
                0x080062c4                FATFS_LinkDriverEx
 .text.FATFS_LinkDriver
                0x08006304        0x6 ./Middlewares/Third_Party/FatFs/src/ff_gen_drv.o
                0x08006304                FATFS_LinkDriver
 *fill*         0x0800630a        0x2 
 .text.ff_convert
                0x0800630c       0x38 ./Middlewares/Third_Party/FatFs/src/option/ccsbcs.o
                0x0800630c                ff_convert
 .text.ff_wtoupper
                0x08006344       0x84 ./Middlewares/Third_Party/FatFs/src/option/ccsbcs.o
                0x08006344                ff_wtoupper
 .text.std      0x080063c8       0x6c M:/STM32CubeIDE_2.1.0/STM32CubeIDE/plugins/com.st.stm32cube.ide.mcu.externaltools.gnu-tools-for-stm32.14.3.rel1.win32_1.0.100.202602081740/tools/bin/../lib/gcc/arm-none-eabi/14.3.1/../../../../arm-none-eabi/lib/thumb/v7e-m+fp/hard\libc_nano.a(libc_a-findfp.o)
 .text.stdio_exit_handler
                0x08006434       0x18 M:/STM32CubeIDE_2.1.0/STM32CubeIDE/plugins/com.st.stm32cube.ide.mcu.externaltools.gnu-tools-for-stm32.14.3.rel1.win32_1.0.100.202602081740/tools/bin/../lib/gcc/arm-none-eabi/14.3.1/../../../../arm-none-eabi/lib/thumb/v7e-m+fp/hard\libc_nano.a(libc_a-findfp.o)
 .text.cleanup_stdio
                0x0800644c       0x40 M:/STM32CubeIDE_2.1.0/STM32CubeIDE/plugins/com.st.stm32cube.ide.mcu.externaltools.gnu-tools-for-stm32.14.3.rel1.win32_1.0.100.202602081740/tools/bin/../lib/gcc/arm-none-eabi/14.3.1/../../../../arm-none-eabi/lib/thumb/v7e-m+fp/hard\libc_nano.a(libc_a-findfp.o)
 .text.global_stdio_init.part.0
                0x0800648c       0x40 M:/STM32CubeIDE_2.1.0/STM32CubeIDE/plugins/com.st.stm32cube.ide.mcu.externaltools.gnu-tools-for-stm32.14.3.rel1.win32_1.0.100.202602081740/tools/bin/../lib/gcc/arm-none-eabi/14.3.1/../../../../arm-none-eabi/lib/thumb/v7e-m+fp/hard\libc_nano.a(libc_a-findfp.o)
 .text.__sfp_lock_acquire
                0x080064cc        0xc M:/STM32CubeIDE_2.1.0/STM32CubeIDE/plugins/com.st.stm32cube.ide.mcu.externaltools.gnu-tools-for-stm32.14.3.rel1.win32_1.0.100.202602081740/tools/bin/../lib/gcc/arm-none-eabi/14.3.1/../../../../arm-none-eabi/lib/thumb/v7e-m+fp/hard\libc_nano.a(libc_a-findfp.o)
                0x080064cc                __sfp_lock_acquire
 .text.__sfp_lock_release
                0x080064d8        0xc M:/STM32CubeIDE_2.1.0/STM32CubeIDE/plugins/com.st.stm32cube.ide.mcu.externaltools.gnu-tools-for-stm32.14.3.rel1.win32_1.0.100.202602081740/tools/bin/../lib/gcc/arm-none-eabi/14.3.1/../../../../arm-none-eabi/lib/thumb/v7e-m+fp/hard\libc_nano.a(libc_a-findfp.o)
                0x080064d8                __sfp_lock_release
 .text.__sinit  0x080064e4       0x30 M:/STM32CubeIDE_2.1.0/STM32CubeIDE/plugins/com.st.stm32cube.ide.mcu.externaltools.gnu-tools-for-stm32.14.3.rel1.win32_1.0.100.202602081740/tools/bin/../lib/gcc/arm-none-eabi/14.3.1/../../../../arm-none-eabi/lib/thumb/v7e-m+fp/hard\libc_nano.a(libc_a-findfp.o)
                0x080064e4                __sinit
 .text._fwalk_sglue
                0x08006514       0x3c M:/STM32CubeIDE_2.1.0/STM32CubeIDE/plugins/com.st.stm32cube.ide.mcu.externaltools.gnu-tools-for-stm32.14.3.rel1.win32_1.0.100.202602081740/tools/bin/../lib/gcc/arm-none-eabi/14.3.1/../../../../arm-none-eabi/lib/thumb/v7e-m+fp/hard\libc_nano.a(libc_a-fwalk.o)
                0x08006514                _fwalk_sglue
 .text.printf   0x08006550       0x24 M:/STM32CubeIDE_2.1.0/STM32CubeIDE/plugins/com.st.stm32cube.ide.mcu.externaltools.gnu-tools-for-stm32.14.3.rel1.win32_1.0.100.202602081740/tools/bin/../lib/gcc/arm-none-eabi/14.3.1/../../../../arm-none-eabi/lib/thumb/v7e-m+fp/hard\libc_nano.a(libc_a-printf.o)
                0x08006550                iprintf
                0x08006550                printf
 .text._puts_r  0x08006574       0xaa M:/STM32CubeIDE_2.1.0/STM32CubeIDE/plugins/com.st.stm32cube.ide.mcu.externaltools.gnu-tools-for-stm32.14.3.rel1.win32_1.0.100.202602081740/tools/bin/../lib/gcc/arm-none-eabi/14.3.1/../../../../arm-none-eabi/lib/thumb/v7e-m+fp/hard\libc_nano.a(libc_a-puts.o)
                0x08006574                _puts_r
 *fill*         0x0800661e        0x2 
 .text.puts     0x08006620       0x10 M:/STM32CubeIDE_2.1.0/STM32CubeIDE/plugins/com.st.stm32cube.ide.mcu.externaltools.gnu-tools-for-stm32.14.3.rel1.win32_1.0.100.202602081740/tools/bin/../lib/gcc/arm-none-eabi/14.3.1/../../../../arm-none-eabi/lib/thumb/v7e-m+fp/hard\libc_nano.a(libc_a-puts.o)
                0x08006620                puts
 .text.__sread  0x08006630       0x22 M:/STM32CubeIDE_2.1.0/STM32CubeIDE/plugins/com.st.stm32cube.ide.mcu.externaltools.gnu-tools-for-stm32.14.3.rel1.win32_1.0.100.202602081740/tools/bin/../lib/gcc/arm-none-eabi/14.3.1/../../../../arm-none-eabi/lib/thumb/v7e-m+fp/hard\libc_nano.a(libc_a-stdio.o)
                0x08006630                __sread
 .text.__swrite
                0x08006652       0x38 M:/STM32CubeIDE_2.1.0/STM32CubeIDE/plugins/com.st.stm32cube.ide.mcu.externaltools.gnu-tools-for-stm32.14.3.rel1.win32_1.0.100.202602081740/tools/bin/../lib/gcc/arm-none-eabi/14.3.1/../../../../arm-none-eabi/lib/thumb/v7e-m+fp/hard\libc_nano.a(libc_a-stdio.o)
                0x08006652                __swrite
 .text.__sseek  0x0800668a       0x26 M:/STM32CubeIDE_2.1.0/STM32CubeIDE/plugins/com.st.stm32cube.ide.mcu.externaltools.gnu-tools-for-stm32.14.3.rel1.win32_1.0.100.202602081740/tools/bin/../lib/gcc/arm-none-eabi/14.3.1/../../../../arm-none-eabi/lib/thumb/v7e-m+fp/hard\libc_nano.a(libc_a-stdio.o)
                0x0800668a                __sseek
 .text.__sclose
                0x080066b0        0x8 M:/STM32CubeIDE_2.1.0/STM32CubeIDE/plugins/com.st.stm32cube.ide.mcu.externaltools.gnu-tools-for-stm32.14.3.rel1.win32_1.0.100.202602081740/tools/bin/../lib/gcc/arm-none-eabi/14.3.1/../../../../arm-none-eabi/lib/thumb/v7e-m+fp/hard\libc_nano.a(libc_a-stdio.o)
                0x080066b0                __sclose
 .text.__swbuf_r
                0x080066b8       0x7c M:/STM32CubeIDE_2.1.0/STM32CubeIDE/plugins/com.st.stm32cube.ide.mcu.externaltools.gnu-tools-for-stm32.14.3.rel1.win32_1.0.100.202602081740/tools/bin/../lib/gcc/arm-none-eabi/14.3.1/../../../../arm-none-eabi/lib/thumb/v7e-m+fp/hard\libc_nano.a(libc_a-wbuf.o)
                0x080066b8                __swbuf_r
 .text.__swsetup_r
                0x08006734       0xa8 M:/STM32CubeIDE_2.1.0/STM32CubeIDE/plugins/com.st.stm32cube.ide.mcu.externaltools.gnu-tools-for-stm32.14.3.rel1.win32_1.0.100.202602081740/tools/bin/../lib/gcc/arm-none-eabi/14.3.1/../../../../arm-none-eabi/lib/thumb/v7e-m+fp/hard\libc_nano.a(libc_a-wsetup.o)
                0x08006734                __swsetup_r
 .text.memset   0x080067dc       0x10 M:/STM32CubeIDE_2.1.0/STM32CubeIDE/plugins/com.st.stm32cube.ide.mcu.externaltools.gnu-tools-for-stm32.14.3.rel1.win32_1.0.100.202602081740/tools/bin/../lib/gcc/arm-none-eabi/14.3.1/../../../../arm-none-eabi/lib/thumb/v7e-m+fp/hard\libc_nano.a(libc_a-memset.o)
                0x080067dc                memset
 .text._close_r
                0x080067ec       0x20 M:/STM32CubeIDE_2.1.0/STM32CubeIDE/plugins/com.st.stm32cube.ide.mcu.externaltools.gnu-tools-for-stm32.14.3.rel1.win32_1.0.100.202602081740/tools/bin/../lib/gcc/arm-none-eabi/14.3.1/../../../../arm-none-eabi/lib/thumb/v7e-m+fp/hard\libc_nano.a(libc_a-closer.o)
                0x080067ec                _close_r
 .text._lseek_r
                0x0800680c       0x24 M:/STM32CubeIDE_2.1.0/STM32CubeIDE/plugins/com.st.stm32cube.ide.mcu.externaltools.gnu-tools-for-stm32.14.3.rel1.win32_1.0.100.202602081740/tools/bin/../lib/gcc/arm-none-eabi/14.3.1/../../../../arm-none-eabi/lib/thumb/v7e-m+fp/hard\libc_nano.a(libc_a-lseekr.o)
                0x0800680c                _lseek_r
 .text._read_r  0x08006830       0x24 M:/STM32CubeIDE_2.1.0/STM32CubeIDE/plugins/com.st.stm32cube.ide.mcu.externaltools.gnu-tools-for-stm32.14.3.rel1.win32_1.0.100.202602081740/tools/bin/../lib/gcc/arm-none-eabi/14.3.1/../../../../arm-none-eabi/lib/thumb/v7e-m+fp/hard\libc_nano.a(libc_a-readr.o)
                0x08006830                _read_r
 .text._write_r
                0x08006854       0x24 M:/STM32CubeIDE_2.1.0/STM32CubeIDE/plugins/com.st.stm32cube.ide.mcu.externaltools.gnu-tools-for-stm32.14.3.rel1.win32_1.0.100.202602081740/tools/bin/../lib/gcc/arm-none-eabi/14.3.1/../../../../arm-none-eabi/lib/thumb/v7e-m+fp/hard\libc_nano.a(libc_a-writer.o)
                0x08006854                _write_r
 .text.__errno  0x08006878        0xc M:/STM32CubeIDE_2.1.0/STM32CubeIDE/plugins/com.st.stm32cube.ide.mcu.externaltools.gnu-tools-for-stm32.14.3.rel1.win32_1.0.100.202602081740/tools/bin/../lib/gcc/arm-none-eabi/14.3.1/../../../../arm-none-eabi/lib/thumb/v7e-m+fp/hard\libc_nano.a(libc_a-errno.o)
                0x08006878                __errno
 .text.__libc_init_array
                0x08006884       0x48 M:/STM32CubeIDE_2.1.0/STM32CubeIDE/plugins/com.st.stm32cube.ide.mcu.externaltools.gnu-tools-for-stm32.14.3.rel1.win32_1.0.100.202602081740/tools/bin/../lib/gcc/arm-none-eabi/14.3.1/../../../../arm-none-eabi/lib/thumb/v7e-m+fp/hard\libc_nano.a(libc_a-init.o)
                0x08006884                __libc_init_array
 .text.__retarget_lock_init_recursive
                0x080068cc        0x2 M:/STM32CubeIDE_2.1.0/STM32CubeIDE/plugins/com.st.stm32cube.ide.mcu.externaltools.gnu-tools-for-stm32.14.3.rel1.win32_1.0.100.202602081740/tools/bin/../lib/gcc/arm-none-eabi/14.3.1/../../../../arm-none-eabi/lib/thumb/v7e-m+fp/hard\libc_nano.a(libc_a-lock.o)
                0x080068cc                __retarget_lock_init_recursive
 .text.__retarget_lock_acquire_recursive
                0x080068ce        0x2 M:/STM32CubeIDE_2.1.0/STM32CubeIDE/plugins/com.st.stm32cube.ide.mcu.externaltools.gnu-tools-for-stm32.14.3.rel1.win32_1.0.100.202602081740/tools/bin/../lib/gcc/arm-none-eabi/14.3.1/../../../../arm-none-eabi/lib/thumb/v7e-m+fp/hard\libc_nano.a(libc_a-lock.o)
                0x080068ce                __retarget_lock_acquire_recursive
 .text.__retarget_lock_release_recursive
                0x080068d0        0x2 M:/STM32CubeIDE_2.1.0/STM32CubeIDE/plugins/com.st.stm32cube.ide.mcu.externaltools.gnu-tools-for-stm32.14.3.rel1.win32_1.0.100.202602081740/tools/bin/../lib/gcc/arm-none-eabi/14.3.1/../../../../arm-none-eabi/lib/thumb/v7e-m+fp/hard\libc_nano.a(libc_a-lock.o)
                0x080068d0                __retarget_lock_release_recursive
 *fill*         0x080068d2        0x2 
 .text._free_r  0x080068d4       0x94 M:/STM32CubeIDE_2.1.0/STM32CubeIDE/plugins/com.st.stm32cube.ide.mcu.externaltools.gnu-tools-for-stm32.14.3.rel1.win32_1.0.100.202602081740/tools/bin/../lib/gcc/arm-none-eabi/14.3.1/../../../../arm-none-eabi/lib/thumb/v7e-m+fp/hard\libc_nano.a(libc_a-freer.o)
                0x080068d4                _free_r
 .text.sbrk_aligned
                0x08006968       0x44 M:/STM32CubeIDE_2.1.0/STM32CubeIDE/plugins/com.st.stm32cube.ide.mcu.externaltools.gnu-tools-for-stm32.14.3.rel1.win32_1.0.100.202602081740/tools/bin/../lib/gcc/arm-none-eabi/14.3.1/../../../../arm-none-eabi/lib/thumb/v7e-m+fp/hard\libc_nano.a(libc_a-mallocr.o)
 .text._malloc_r
                0x080069ac      0x100 M:/STM32CubeIDE_2.1.0/STM32CubeIDE/plugins/com.st.stm32cube.ide.mcu.externaltools.gnu-tools-for-stm32.14.3.rel1.win32_1.0.100.202602081740/tools/bin/../lib/gcc/arm-none-eabi/14.3.1/../../../../arm-none-eabi/lib/thumb/v7e-m+fp/hard\libc_nano.a(libc_a-mallocr.o)
                0x080069ac                _malloc_r
 .text.__malloc_lock
                0x08006aac        0xc M:/STM32CubeIDE_2.1.0/STM32CubeIDE/plugins/com.st.stm32cube.ide.mcu.externaltools.gnu-tools-for-stm32.14.3.rel1.win32_1.0.100.202602081740/tools/bin/../lib/gcc/arm-none-eabi/14.3.1/../../../../arm-none-eabi/lib/thumb/v7e-m+fp/hard\libc_nano.a(libc_a-mlock.o)
                0x08006aac                __malloc_lock
 .text.__malloc_unlock
                0x08006ab8        0xc M:/STM32CubeIDE_2.1.0/STM32CubeIDE/plugins/com.st.stm32cube.ide.mcu.externaltools.gnu-tools-for-stm32.14.3.rel1.win32_1.0.100.202602081740/tools/bin/../lib/gcc/arm-none-eabi/14.3.1/../../../../arm-none-eabi/lib/thumb/v7e-m+fp/hard\libc_nano.a(libc_a-mlock.o)
                0x08006ab8                __malloc_unlock
 .text.__sfputc_r
                0x08006ac4       0x2e M:/STM32CubeIDE_2.1.0/STM32CubeIDE/plugins/com.st.stm32cube.ide.mcu.externaltools.gnu-tools-for-stm32.14.3.rel1.win32_1.0.100.202602081740/tools/bin/../lib/gcc/arm-none-eabi/14.3.1/../../../../arm-none-eabi/lib/thumb/v7e-m+fp/hard\libc_nano.a(libc_a-nano-vfprintf.o)
 .text.__sfputs_r
                0x08006af2       0x24 M:/STM32CubeIDE_2.1.0/STM32CubeIDE/plugins/com.st.stm32cube.ide.mcu.externaltools.gnu-tools-for-stm32.14.3.rel1.win32_1.0.100.202602081740/tools/bin/../lib/gcc/arm-none-eabi/14.3.1/../../../../arm-none-eabi/lib/thumb/v7e-m+fp/hard\libc_nano.a(libc_a-nano-vfprintf.o)
                0x08006af2                __sfputs_r
 *fill*         0x08006b16        0x2 
 .text._vfprintf_r
                0x08006b18      0x228 M:/STM32CubeIDE_2.1.0/STM32CubeIDE/plugins/com.st.stm32cube.ide.mcu.externaltools.gnu-tools-for-stm32.14.3.rel1.win32_1.0.100.202602081740/tools/bin/../lib/gcc/arm-none-eabi/14.3.1/../../../../arm-none-eabi/lib/thumb/v7e-m+fp/hard\libc_nano.a(libc_a-nano-vfprintf.o)
                0x08006b18                _vfprintf_r
                0x08006b18                _vfiprintf_r
 .text._printf_common
                0x08006d40       0xda M:/STM32CubeIDE_2.1.0/STM32CubeIDE/plugins/com.st.stm32cube.ide.mcu.externaltools.gnu-tools-for-stm32.14.3.rel1.win32_1.0.100.202602081740/tools/bin/../lib/gcc/arm-none-eabi/14.3.1/../../../../arm-none-eabi/lib/thumb/v7e-m+fp/hard\libc_nano.a(libc_a-nano-vfprintf_i.o)
                0x08006d40                _printf_common
 *fill*         0x08006e1a        0x2 
 .text._printf_i
                0x08006e1c      0x24c M:/STM32CubeIDE_2.1.0/STM32CubeIDE/plugins/com.st.stm32cube.ide.mcu.externaltools.gnu-tools-for-stm32.14.3.rel1.win32_1.0.100.202602081740/tools/bin/../lib/gcc/arm-none-eabi/14.3.1/../../../../arm-none-eabi/lib/thumb/v7e-m+fp/hard\libc_nano.a(libc_a-nano-vfprintf_i.o)
                0x08006e1c                _printf_i
 .text.__sflush_r
                0x08007068      0x104 M:/STM32CubeIDE_2.1.0/STM32CubeIDE/plugins/com.st.stm32cube.ide.mcu.externaltools.gnu-tools-for-stm32.14.3.rel1.win32_1.0.100.202602081740/tools/bin/../lib/gcc/arm-none-eabi/14.3.1/../../../../arm-none-eabi/lib/thumb/v7e-m+fp/hard\libc_nano.a(libc_a-fflush.o)
                0x08007068                __sflush_r
 .text._fflush_r
                0x0800716c       0x50 M:/STM32CubeIDE_2.1.0/STM32CubeIDE/plugins/com.st.stm32cube.ide.mcu.externaltools.gnu-tools-for-stm32.14.3.rel1.win32_1.0.100.202602081740/tools/bin/../lib/gcc/arm-none-eabi/14.3.1/../../../../arm-none-eabi/lib/thumb/v7e-m+fp/hard\libc_nano.a(libc_a-fflush.o)
                0x0800716c                _fflush_r
 .text.__swhatbuf_r
                0x080071bc       0x48 M:/STM32CubeIDE_2.1.0/STM32CubeIDE/plugins/com.st.stm32cube.ide.mcu.externaltools.gnu-tools-for-stm32.14.3.rel1.win32_1.0.100.202602081740/tools/bin/../lib/gcc/arm-none-eabi/14.3.1/../../../../arm-none-eabi/lib/thumb/v7e-m+fp/hard\libc_nano.a(libc_a-makebuf.o)
                0x080071bc                __swhatbuf_r
 .text.__smakebuf_r
                0x08007204       0x72 M:/STM32CubeIDE_2.1.0/STM32CubeIDE/plugins/com.st.stm32cube.ide.mcu.externaltools.gnu-tools-for-stm32.14.3.rel1.win32_1.0.100.202602081740/tools/bin/../lib/gcc/arm-none-eabi/14.3.1/../../../../arm-none-eabi/lib/thumb/v7e-m+fp/hard\libc_nano.a(libc_a-makebuf.o)
                0x08007204                __smakebuf_r
 *fill*         0x08007276        0x2 
 .text._fstat_r
                0x08007278       0x24 M:/STM32CubeIDE_2.1.0/STM32CubeIDE/plugins/com.st.stm32cube.ide.mcu.externaltools.gnu-tools-for-stm32.14.3.rel1.win32_1.0.100.202602081740/tools/bin/../lib/gcc/arm-none-eabi/14.3.1/../../../../arm-none-eabi/lib/thumb/v7e-m+fp/hard\libc_nano.a(libc_a-fstatr.o)
                0x08007278                _fstat_r
 .text._isatty_r
                0x0800729c       0x20 M:/STM32CubeIDE_2.1.0/STM32CubeIDE/plugins/com.st.stm32cube.ide.mcu.externaltools.gnu-tools-for-stm32.14.3.rel1.win32_1.0.100.202602081740/tools/bin/../lib/gcc/arm-none-eabi/14.3.1/../../../../arm-none-eabi/lib/thumb/v7e-m+fp/hard\libc_nano.a(libc_a-isattyr.o)
                0x0800729c                _isatty_r
 .text._sbrk_r  0x080072bc       0x20 M:/STM32CubeIDE_2.1.0/STM32CubeIDE/plugins/com.st.stm32cube.ide.mcu.externaltools.gnu-tools-for-stm32.14.3.rel1.win32_1.0.100.202602081740/tools/bin/../lib/gcc/arm-none-eabi/14.3.1/../../../../arm-none-eabi/lib/thumb/v7e-m+fp/hard\libc_nano.a(libc_a-sbrkr.o)
                0x080072bc                _sbrk_r
 *(.glue_7)
 .glue_7        0x080072dc        0x0 linker stubs
 *(.glue_7t)
 .glue_7t       0x080072dc        0x0 linker stubs
 *(.eh_frame)
 .eh_frame      0x080072dc        0x0 M:/STM32CubeIDE_2.1.0/STM32CubeIDE/plugins/com.st.stm32cube.ide.mcu.externaltools.gnu-tools-for-stm32.14.3.rel1.win32_1.0.100.202602081740/tools/bin/../lib/gcc/arm-none-eabi/14.3.1/thumb/v7e-m+fp/hard/crtbegin.o
 *(.init)
 .init          0x080072dc        0x4 M:/STM32CubeIDE_2.1.0/STM32CubeIDE/plugins/com.st.stm32cube.ide.mcu.externaltools.gnu-tools-for-stm32.14.3.rel1.win32_1.0.100.202602081740/tools/bin/../lib/gcc/arm-none-eabi/14.3.1/thumb/v7e-m+fp/hard/crti.o
                0x080072dc                _init
 .init          0x080072e0        0x8 M:/STM32CubeIDE_2.1.0/STM32CubeIDE/plugins/com.st.stm32cube.ide.mcu.externaltools.gnu-tools-for-stm32.14.3.rel1.win32_1.0.100.202602081740/tools/bin/../lib/gcc/arm-none-eabi/14.3.1/thumb/v7e-m+fp/hard/crtn.o
 *(.fini)
 .fini          0x080072e8        0x4 M:/STM32CubeIDE_2.1.0/STM32CubeIDE/plugins/com.st.stm32cube.ide.mcu.externaltools.gnu-tools-for-stm32.14.3.rel1.win32_1.0.100.202602081740/tools/bin/../lib/gcc/arm-none-eabi/14.3.1/thumb/v7e-m+fp/hard/crti.o
                0x080072e8                _fini
 .fini          0x080072ec        0x8 M:/STM32CubeIDE_2.1.0/STM32CubeIDE/plugins/com.st.stm32cube.ide.mcu.externaltools.gnu-tools-for-stm32.14.3.rel1.win32_1.0.100.202602081740/tools/bin/../lib/gcc/arm-none-eabi/14.3.1/thumb/v7e-m+fp/hard/crtn.o
                0x080072f4                        . = ALIGN (0x4)
                0x080072f4                        _etext = .

.vfp11_veneer   0x080072f4        0x0
 .vfp11_veneer  0x080072f4        0x0 linker stubs

.v4_bx          0x080072f4        0x0
 .v4_bx         0x080072f4        0x0 linker stubs

.iplt           0x080072f4        0x0
 .iplt          0x080072f4        0x0 M:/STM32CubeIDE_2.1.0/STM32CubeIDE/plugins/com.st.stm32cube.ide.mcu.externaltools.gnu-tools-for-stm32.14.3.rel1.win32_1.0.100.202602081740/tools/bin/../lib/gcc/arm-none-eabi/14.3.1/thumb/v7e-m+fp/hard/crtbegin.o

.rodata         0x080072f4      0x670
                0x080072f4                        . = ALIGN (0x4)
 *(.rodata)
 .rodata        0x080072f4        0x3 ./Core/Src/max31865.o
 *(.rodata*)
 .rodata.main.str1.1
                0x080072f7      0x1e8 ./Core/Src/main.o
                                 0xa9 (size before relaxing)
 *fill*         0x080074df        0x1 
 .rodata.MSIRangeTable
                0x080074e0       0x30 ./Core/Src/system_stm32l4xx.o
                0x080074e0                MSIRangeTable
 .rodata.APBPrescTable
                0x08007510        0x8 ./Core/Src/system_stm32l4xx.o
                0x08007510                APBPrescTable
 .rodata.AHBPrescTable
                0x08007518       0x10 ./Core/Src/system_stm32l4xx.o
                0x08007518                AHBPrescTable
 .rodata.printTelemetry.str1.1
                0x08007528      0x14a ./Core/Src/telemetry.o
 .rodata.follow_path.str1.1
                0x08007528       0x10 ./Middlewares/Third_Party/FatFs/src/ff.o
 .rodata.LfnOfs
                0x08007528        0xd ./Middlewares/Third_Party/FatFs/src/ff.o
 .rodata.ExCvt  0x08007535       0x80 ./Middlewares/Third_Party/FatFs/src/ff.o
 *fill*         0x080075b5        0x1 
 .rodata.cvt2.0
                0x080075b6       0xbc ./Middlewares/Third_Party/FatFs/src/option/ccsbcs.o
 .rodata.cvt1.1
                0x08007672      0x1f2 ./Middlewares/Third_Party/FatFs/src/option/ccsbcs.o
 .rodata.Tbl    0x08007864      0x100 ./Middlewares/Third_Party/FatFs/src/option/ccsbcs.o
 .rodata._vfprintf_r.str1.1
                0x08007964       0x11 M:/STM32CubeIDE_2.1.0/STM32CubeIDE/plugins/com.st.stm32cube.ide.mcu.externaltools.gnu-tools-for-stm32.14.3.rel1.win32_1.0.100.202602081740/tools/bin/../lib/gcc/arm-none-eabi/14.3.1/../../../../arm-none-eabi/lib/thumb/v7e-m+fp/hard\libc_nano.a(libc_a-nano-vfprintf.o)
 .rodata._printf_i.str1.1
                0x08007964       0x22 M:/STM32CubeIDE_2.1.0/STM32CubeIDE/plugins/com.st.stm32cube.ide.mcu.externaltools.gnu-tools-for-stm32.14.3.rel1.win32_1.0.100.202602081740/tools/bin/../lib/gcc/arm-none-eabi/14.3.1/../../../../arm-none-eabi/lib/thumb/v7e-m+fp/hard\libc_nano.a(libc_a-nano-vfprintf_i.o)
                0x08007988                        . = ALIGN (0x4)

.ARM.extab      0x08007964        0x0
                0x08007964                        . = ALIGN (0x4)
 *(.ARM.extab* .gnu.linkonce.armextab.*)
                0x08007964                        . = ALIGN (0x4)

.ARM            0x08007964        0x8
                0x08007964                        . = ALIGN (0x4)
                0x08007964                        __exidx_start = .
 *(.ARM.exidx*)
 .ARM.exidx     0x08007964        0x8 M:/STM32CubeIDE_2.1.0/STM32CubeIDE/plugins/com.st.stm32cube.ide.mcu.externaltools.gnu-tools-for-stm32.14.3.rel1.win32_1.0.100.202602081740/tools/bin/../lib/gcc/arm-none-eabi/14.3.1/../../../../arm-none-eabi/lib/thumb/v7e-m+fp/hard\libc_nano.a(libc_a-memchr.o)
 .ARM.exidx     0x0800796c        0x0 M:/STM32CubeIDE_2.1.0/STM32CubeIDE/plugins/com.st.stm32cube.ide.mcu.externaltools.gnu-tools-for-stm32.14.3.rel1.win32_1.0.100.202602081740/tools/bin/../lib/gcc/arm-none-eabi/14.3.1/thumb/v7e-m+fp/hard\libgcc.a(_udivmoddi4.o)
                                  0x8 (size before relaxing)
                0x0800796c                        __exidx_end = .
                0x0800796c                        . = ALIGN (0x4)

.preinit_array  0x0800796c        0x0
                0x0800796c                        . = ALIGN (0x4)
                0x0800796c                        PROVIDE (__preinit_array_start = .)
 *(.preinit_array*)
                0x0800796c                        PROVIDE (__preinit_array_end = .)
                0x0800796c                        . = ALIGN (0x4)

.init_array     0x0800796c        0x4
                0x0800796c                        . = ALIGN (0x4)
                0x0800796c                        PROVIDE (__init_array_start = .)
 *(SORT_BY_NAME(.init_array.*))
 *(.init_array*)
 .init_array    0x0800796c        0x4 M:/STM32CubeIDE_2.1.0/STM32CubeIDE/plugins/com.st.stm32cube.ide.mcu.externaltools.gnu-tools-for-stm32.14.3.rel1.win32_1.0.100.202602081740/tools/bin/../lib/gcc/arm-none-eabi/14.3.1/thumb/v7e-m+fp/hard/crtbegin.o
                0x08007970                        PROVIDE (__init_array_end = .)
                0x08007970                        . = ALIGN (0x4)

.fini_array     0x08007970        0x4
                0x08007970                        . = ALIGN (0x4)
                [!provide]                        PROVIDE (__fini_array_start = .)
 *(SORT_BY_NAME(.fini_array.*))
 *(.fini_array*)
 .fini_array    0x08007970        0x4 M:/STM32CubeIDE_2.1.0/STM32CubeIDE/plugins/com.st.stm32cube.ide.mcu.externaltools.gnu-tools-for-stm32.14.3.rel1.win32_1.0.100.202602081740/tools/bin/../lib/gcc/arm-none-eabi/14.3.1/thumb/v7e-m+fp/hard/crtbegin.o
                [!provide]                        PROVIDE (__fini_array_end = .)
                0x08007974                        . = ALIGN (0x4)
                0x08007974                        _sidata = LOADADDR (.data)

.rel.dyn        0x08007974        0x0
 .rel.iplt      0x08007974        0x0 M:/STM32CubeIDE_2.1.0/STM32CubeIDE/plugins/com.st.stm32cube.ide.mcu.externaltools.gnu-tools-for-stm32.14.3.rel1.win32_1.0.100.202602081740/tools/bin/../lib/gcc/arm-none-eabi/14.3.1/thumb/v7e-m+fp/hard/crtbegin.o

.data           0x20000000       0x80 load address 0x08007974
                0x20000000                        . = ALIGN (0x4)
                0x20000000                        _sdata = .
 *(.data)
 *(.data*)
 .data.Stat     0x20000000        0x1 ./Core/Src/sd_functions.o
 *fill*         0x20000001        0x3 
 .data.SystemCoreClock
                0x20000004        0x4 ./Core/Src/system_stm32l4xx.o
                0x20000004                SystemCoreClock
 .data.uwTickFreq
                0x20000008        0x1 ./Drivers/STM32L4xx_HAL_Driver/Src/stm32l4xx_hal.o
                0x20000008                uwTickFreq
 *fill*         0x20000009        0x3 
 .data.uwTickPrio
                0x2000000c        0x4 ./Drivers/STM32L4xx_HAL_Driver/Src/stm32l4xx_hal.o
                0x2000000c                uwTickPrio
 .data.USER_Driver
                0x20000010       0x14 ./FATFS/Target/user_diskio.o
                0x20000010                USER_Driver
 .data.__sglue  0x20000024        0xc M:/STM32CubeIDE_2.1.0/STM32CubeIDE/plugins/com.st.stm32cube.ide.mcu.externaltools.gnu-tools-for-stm32.14.3.rel1.win32_1.0.100.202602081740/tools/bin/../lib/gcc/arm-none-eabi/14.3.1/../../../../arm-none-eabi/lib/thumb/v7e-m+fp/hard\libc_nano.a(libc_a-findfp.o)
                0x20000024                __sglue
 .data._impure_ptr
                0x20000030        0x4 M:/STM32CubeIDE_2.1.0/STM32CubeIDE/plugins/com.st.stm32cube.ide.mcu.externaltools.gnu-tools-for-stm32.14.3.rel1.win32_1.0.100.202602081740/tools/bin/../lib/gcc/arm-none-eabi/14.3.1/../../../../arm-none-eabi/lib/thumb/v7e-m+fp/hard\libc_nano.a(libc_a-impure.o)
                0x20000030                _impure_ptr
 .data._impure_data
                0x20000034       0x4c M:/STM32CubeIDE_2.1.0/STM32CubeIDE/plugins/com.st.stm32cube.ide.mcu.externaltools.gnu-tools-for-stm32.14.3.rel1.win32_1.0.100.202602081740/tools/bin/../lib/gcc/arm-none-eabi/14.3.1/../../../../arm-none-eabi/lib/thumb/v7e-m+fp/hard\libc_nano.a(libc_a-impure.o)
                0x20000034                _impure_data
 *(.RamFunc)
 *(.RamFunc*)
                0x20000080                        . = ALIGN (0x4)
                0x20000080                        _edata = .

.igot.plt       0x20000080        0x0 load address 0x080079f4
 .igot.plt      0x20000080        0x0 M:/STM32CubeIDE_2.1.0/STM32CubeIDE/plugins/com.st.stm32cube.ide.mcu.externaltools.gnu-tools-for-stm32.14.3.rel1.win32_1.0.100.202602081740/tools/bin/../lib/gcc/arm-none-eabi/14.3.1/thumb/v7e-m+fp/hard/crtbegin.o
                0x20000080                        . = ALIGN (0x4)

.bss            0x20000080      0xad4 load address 0x080079f4
                0x20000080                        _sbss = .
                0x20000080                        __bss_start__ = _sbss
 *(.bss)
 .bss           0x20000080       0x1c M:/STM32CubeIDE_2.1.0/STM32CubeIDE/plugins/com.st.stm32cube.ide.mcu.externaltools.gnu-tools-for-stm32.14.3.rel1.win32_1.0.100.202602081740/tools/bin/../lib/gcc/arm-none-eabi/14.3.1/thumb/v7e-m+fp/hard/crtbegin.o
 *(.bss*)
 .bss.bytesWrote
                0x2000009c        0x4 ./Core/Src/main.o
                0x2000009c                bytesWrote
 .bss.fres      0x200000a0        0x1 ./Core/Src/main.o
                0x200000a0                fres
 *fill*         0x200000a1        0x3 
 .bss.fil       0x200000a4      0x230 ./Core/Src/main.o
                0x200000a4                fil
 .bss.fs        0x200002d4      0x234 ./Core/Src/main.o
                0x200002d4                fs
 .bss.packet    0x20000508       0x1b ./Core/Src/main.o
                0x20000508                packet
 .bss.error     0x20000523        0x1 ./Core/Src/main.o
                0x20000523                error
 .bss.tx_timer  0x20000524        0x1 ./Core/Src/main.o
                0x20000524                tx_timer
 .bss.log_timer
                0x20000525        0x1 ./Core/Src/main.o
                0x20000525                log_timer
 .bss.currentState
                0x20000526        0x1 ./Core/Src/main.o
                0x20000526                currentState
 *fill*         0x20000527        0x1 
 .bss.huart2    0x20000528       0x88 ./Core/Src/main.o
                0x20000528                huart2
 .bss.htim4     0x200005b0       0x4c ./Core/Src/main.o
                0x200005b0                htim4
 .bss.htim3     0x200005fc       0x4c ./Core/Src/main.o
                0x200005fc                htim3
 .bss.htim2     0x20000648       0x4c ./Core/Src/main.o
                0x20000648                htim2
 .bss.hspi3     0x20000694       0x64 ./Core/Src/main.o
                0x20000694                hspi3
 .bss.hspi2     0x200006f8       0x64 ./Core/Src/main.o
                0x200006f8                hspi2
 .bss.hi2c1     0x2000075c       0x54 ./Core/Src/main.o
                0x2000075c                hi2c1
 .bss.PowerFlag
                0x200007b0        0x1 ./Core/Src/sd_functions.o
 .bss.CardType  0x200007b1        0x1 ./Core/Src/sd_functions.o
 .bss.Timer2    0x200007b2        0x2 ./Core/Src/sd_functions.o
                0x200007b2                Timer2
 .bss.Timer1    0x200007b4        0x2 ./Core/Src/sd_functions.o
                0x200007b4                Timer1
 *fill*         0x200007b6        0x2 
 .bss.ina       0x200007b8        0xc ./Core/Src/sensors.o
                0x200007b8                ina
 .bss.__sbrk_heap_end
                0x200007c4        0x4 ./Core/Src/sysmem.o
 .bss.uwTick    0x200007c8        0x4 ./Drivers/STM32L4xx_HAL_Driver/Src/stm32l4xx_hal.o
                0x200007c8                uwTick
 .bss.USERPath  0x200007cc        0x4 ./FATFS/App/fatfs.o
                0x200007cc                USERPath
 .bss.retUSER   0x200007d0        0x1 ./FATFS/App/fatfs.o
                0x200007d0                retUSER
 *fill*         0x200007d1        0x1 
 .bss.LfnBuf    0x200007d2      0x200 ./Middlewares/Third_Party/FatFs/src/ff.o
 *fill*         0x200009d2        0x2 
 .bss.Files     0x200009d4       0x20 ./Middlewares/Third_Party/FatFs/src/ff.o
 .bss.Fsid      0x200009f4        0x2 ./Middlewares/Third_Party/FatFs/src/ff.o
 *fill*         0x200009f6        0x2 
 .bss.FatFs     0x200009f8        0x4 ./Middlewares/Third_Party/FatFs/src/ff.o
 .bss.disk      0x200009fc        0xc ./Middlewares/Third_Party/FatFs/src/ff_gen_drv.o
                0x200009fc                disk
 .bss.__sf      0x20000a08      0x138 M:/STM32CubeIDE_2.1.0/STM32CubeIDE/plugins/com.st.stm32cube.ide.mcu.externaltools.gnu-tools-for-stm32.14.3.rel1.win32_1.0.100.202602081740/tools/bin/../lib/gcc/arm-none-eabi/14.3.1/../../../../arm-none-eabi/lib/thumb/v7e-m+fp/hard\libc_nano.a(libc_a-findfp.o)
                0x20000a08                __sf
 .bss.__stdio_exit_handler
                0x20000b40        0x4 M:/STM32CubeIDE_2.1.0/STM32CubeIDE/plugins/com.st.stm32cube.ide.mcu.externaltools.gnu-tools-for-stm32.14.3.rel1.win32_1.0.100.202602081740/tools/bin/../lib/gcc/arm-none-eabi/14.3.1/../../../../arm-none-eabi/lib/thumb/v7e-m+fp/hard\libc_nano.a(libc_a-findfp.o)
                0x20000b40                __stdio_exit_handler
 .bss.errno     0x20000b44        0x4 M:/STM32CubeIDE_2.1.0/STM32CubeIDE/plugins/com.st.stm32cube.ide.mcu.externaltools.gnu-tools-for-stm32.14.3.rel1.win32_1.0.100.202602081740/tools/bin/../lib/gcc/arm-none-eabi/14.3.1/../../../../arm-none-eabi/lib/thumb/v7e-m+fp/hard\libc_nano.a(libc_a-reent.o)
                0x20000b44                errno
 .bss.__lock___malloc_recursive_mutex
                0x20000b48        0x1 M:/STM32CubeIDE_2.1.0/STM32CubeIDE/plugins/com.st.stm32cube.ide.mcu.externaltools.gnu-tools-for-stm32.14.3.rel1.win32_1.0.100.202602081740/tools/bin/../lib/gcc/arm-none-eabi/14.3.1/../../../../arm-none-eabi/lib/thumb/v7e-m+fp/hard\libc_nano.a(libc_a-lock.o)
                0x20000b48                __lock___malloc_recursive_mutex
 .bss.__lock___sfp_recursive_mutex
                0x20000b49        0x1 M:/STM32CubeIDE_2.1.0/STM32CubeIDE/plugins/com.st.stm32cube.ide.mcu.externaltools.gnu-tools-for-stm32.14.3.rel1.win32_1.0.100.202602081740/tools/bin/../lib/gcc/arm-none-eabi/14.3.1/../../../../arm-none-eabi/lib/thumb/v7e-m+fp/hard\libc_nano.a(libc_a-lock.o)
                0x20000b49                __lock___sfp_recursive_mutex
 *fill*         0x20000b4a        0x2 
 .bss.__malloc_sbrk_start
                0x20000b4c        0x4 M:/STM32CubeIDE_2.1.0/STM32CubeIDE/plugins/com.st.stm32cube.ide.mcu.externaltools.gnu-tools-for-stm32.14.3.rel1.win32_1.0.100.202602081740/tools/bin/../lib/gcc/arm-none-eabi/14.3.1/../../../../arm-none-eabi/lib/thumb/v7e-m+fp/hard\libc_nano.a(libc_a-mallocr.o)
                0x20000b4c                __malloc_sbrk_start
 .bss.__malloc_free_list
                0x20000b50        0x4 M:/STM32CubeIDE_2.1.0/STM32CubeIDE/plugins/com.st.stm32cube.ide.mcu.externaltools.gnu-tools-for-stm32.14.3.rel1.win32_1.0.100.202602081740/tools/bin/../lib/gcc/arm-none-eabi/14.3.1/../../../../arm-none-eabi/lib/thumb/v7e-m+fp/hard\libc_nano.a(libc_a-mallocr.o)
                0x20000b50                __malloc_free_list
 *(COMMON)
                0x20000b54                        . = ALIGN (0x4)
                0x20000b54                        _ebss = .
                0x20000b54                        __bss_end__ = _ebss

._user_heap_stack
                0x20000b54      0x604 load address 0x080079f4
                0x20000b58                        . = ALIGN (0x8)
 *fill*         0x20000b54        0x4 
                [!provide]                        PROVIDE (end = .)
                0x20000b58                        PROVIDE (_end = .)
                0x20000d58                        . = (. + _Min_Heap_Size)
 *fill*         0x20000b58      0x200 
                0x20001158                        . = (. + _Min_Stack_Size)
 *fill*         0x20000d58      0x400 
                0x20001158                        . = ALIGN (0x8)

/DISCARD/
 libc.a(*)
 libm.a(*)
 libgcc.a(*)

.ARM.attributes
                0x00000000       0x30
 *(.ARM.attributes)
 .ARM.attributes
                0x00000000       0x22 M:/STM32CubeIDE_2.1.0/STM32CubeIDE/plugins/com.st.stm32cube.ide.mcu.externaltools.gnu-tools-for-stm32.14.3.rel1.win32_1.0.100.202602081740/tools/bin/../lib/gcc/arm-none-eabi/14.3.1/thumb/v7e-m+fp/hard/crti.o
 .ARM.attributes
                0x00000022       0x34 M:/STM32CubeIDE_2.1.0/STM32CubeIDE/plugins/com.st.stm32cube.ide.mcu.externaltools.gnu-tools-for-stm32.14.3.rel1.win32_1.0.100.202602081740/tools/bin/../lib/gcc/arm-none-eabi/14.3.1/thumb/v7e-m+fp/hard/crtbegin.o
 .ARM.attributes
                0x00000056       0x34 ./Core/Src/ina219.o
 .ARM.attributes
                0x0000008a       0x34 ./Core/Src/main.o
 .ARM.attributes
                0x000000be       0x34 ./Core/Src/max31865.o
 .ARM.attributes
                0x000000f2       0x34 ./Core/Src/sd_functions.o
 .ARM.attributes
                0x00000126       0x34 ./Core/Src/sensors.o
 .ARM.attributes
                0x0000015a       0x34 ./Core/Src/stm32l4xx_hal_msp.o
 .ARM.attributes
                0x0000018e       0x34 ./Core/Src/stm32l4xx_it.o
 .ARM.attributes
                0x000001c2       0x34 ./Core/Src/syscalls.o
 .ARM.attributes
                0x000001f6       0x34 ./Core/Src/sysmem.o
 .ARM.attributes
                0x0000022a       0x34 ./Core/Src/system_stm32l4xx.o
 .ARM.attributes
                0x0000025e       0x34 ./Core/Src/telemetry.o
 .ARM.attributes
                0x00000292       0x34 ./Core/Src/tmp102.o
 .ARM.attributes
                0x000002c6       0x21 ./Core/Startup/startup_stm32l476rgtx.o
 .ARM.attributes
                0x000002e7       0x34 ./Drivers/STM32L4xx_HAL_Driver/Src/stm32l4xx_hal.o
 .ARM.attributes
                0x0000031b       0x34 ./Drivers/STM32L4xx_HAL_Driver/Src/stm32l4xx_hal_cortex.o
 .ARM.attributes
                0x0000034f       0x34 ./Drivers/STM32L4xx_HAL_Driver/Src/stm32l4xx_hal_gpio.o
 .ARM.attributes
                0x00000383       0x34 ./Drivers/STM32L4xx_HAL_Driver/Src/stm32l4xx_hal_i2c.o
 .ARM.attributes
                0x000003b7       0x34 ./Drivers/STM32L4xx_HAL_Driver/Src/stm32l4xx_hal_i2c_ex.o
 .ARM.attributes
                0x000003eb       0x34 ./Drivers/STM32L4xx_HAL_Driver/Src/stm32l4xx_hal_pwr_ex.o
 .ARM.attributes
                0x0000041f       0x34 ./Drivers/STM32L4xx_HAL_Driver/Src/stm32l4xx_hal_rcc.o
 .ARM.attributes
                0x00000453       0x34 ./Drivers/STM32L4xx_HAL_Driver/Src/stm32l4xx_hal_rcc_ex.o
 .ARM.attributes
                0x00000487       0x34 ./Drivers/STM32L4xx_HAL_Driver/Src/stm32l4xx_hal_spi.o
 .ARM.attributes
                0x000004bb       0x34 ./Drivers/STM32L4xx_HAL_Driver/Src/stm32l4xx_hal_tim.o
 .ARM.attributes
                0x000004ef       0x34 ./Drivers/STM32L4xx_HAL_Driver/Src/stm32l4xx_hal_tim_ex.o
 .ARM.attributes
                0x00000523       0x34 ./Drivers/STM32L4xx_HAL_Driver/Src/stm32l4xx_hal_uart.o
 .ARM.attributes
                0x00000557       0x34 ./FATFS/App/fatfs.o
 .ARM.attributes
                0x0000058b       0x34 ./FATFS/Target/user_diskio.o
 .ARM.attributes
                0x000005bf       0x34 ./Middlewares/Third_Party/FatFs/src/diskio.o
 .ARM.attributes
                0x000005f3       0x34 ./Middlewares/Third_Party/FatFs/src/ff.o
 .ARM.attributes
                0x00000627       0x34 ./Middlewares/Third_Party/FatFs/src/ff_gen_drv.o
 .ARM.attributes
                0x0000065b       0x34 ./Middlewares/Third_Party/FatFs/src/option/ccsbcs.o
 .ARM.attributes
                0x0000068f       0x34 M:/STM32CubeIDE_2.1.0/STM32CubeIDE/plugins/com.st.stm32cube.ide.mcu.externaltools.gnu-tools-for-stm32.14.3.rel1.win32_1.0.100.202602081740/tools/bin/../lib/gcc/arm-none-eabi/14.3.1/../../../../arm-none-eabi/lib/thumb/v7e-m+fp/hard\libc_nano.a(libc_a-findfp.o)
 .ARM.attributes
                0x000006c3       0x34 M:/STM32CubeIDE_2.1.0/STM32CubeIDE/plugins/com.st.stm32cube.ide.mcu.externaltools.gnu-tools-for-stm32.14.3.rel1.win32_1.0.100.202602081740/tools/bin/../lib/gcc/arm-none-eabi/14.3.1/../../../../arm-none-eabi/lib/thumb/v7e-m+fp/hard\libc_nano.a(libc_a-fwalk.o)
 .ARM.attributes
                0x000006f7       0x34 M:/STM32CubeIDE_2.1.0/STM32CubeIDE/plugins/com.st.stm32cube.ide.mcu.externaltools.gnu-tools-for-stm32.14.3.rel1.win32_1.0.100.202602081740/tools/bin/../lib/gcc/arm-none-eabi/14.3.1/../../../../arm-none-eabi/lib/thumb/v7e-m+fp/hard\libc_nano.a(libc_a-printf.o)
 .ARM.attributes
                0x0000072b       0x34 M:/STM32CubeIDE_2.1.0/STM32CubeIDE/plugins/com.st.stm32cube.ide.mcu.externaltools.gnu-tools-for-stm32.14.3.rel1.win32_1.0.100.202602081740/tools/bin/../lib/gcc/arm-none-eabi/14.3.1/../../../../arm-none-eabi/lib/thumb/v7e-m+fp/hard\libc_nano.a(libc_a-puts.o)
 .ARM.attributes
                0x0000075f       0x34 M:/STM32CubeIDE_2.1.0/STM32CubeIDE/plugins/com.st.stm32cube.ide.mcu.externaltools.gnu-tools-for-stm32.14.3.rel1.win32_1.0.100.202602081740/tools/bin/../lib/gcc/arm-none-eabi/14.3.1/../../../../arm-none-eabi/lib/thumb/v7e-m+fp/hard\libc_nano.a(libc_a-stdio.o)
 .ARM.attributes
                0x00000793       0x34 M:/STM32CubeIDE_2.1.0/STM32CubeIDE/plugins/com.st.stm32cube.ide.mcu.externaltools.gnu-tools-for-stm32.14.3.rel1.win32_1.0.100.202602081740/tools/bin/../lib/gcc/arm-none-eabi/14.3.1/../../../../arm-none-eabi/lib/thumb/v7e-m+fp/hard\libc_nano.a(libc_a-wbuf.o)
 .ARM.attributes
                0x000007c7       0x34 M:/STM32CubeIDE_2.1.0/STM32CubeIDE/plugins/com.st.stm32cube.ide.mcu.externaltools.gnu-tools-for-stm32.14.3.rel1.win32_1.0.100.202602081740/tools/bin/../lib/gcc/arm-none-eabi/14.3.1/../../../../arm-none-eabi/lib/thumb/v7e-m+fp/hard\libc_nano.a(libc_a-wsetup.o)
 .ARM.attributes
                0x000007fb       0x34 M:/STM32CubeIDE_2.1.0/STM32CubeIDE/plugins/com.st.stm32cube.ide.mcu.externaltools.gnu-tools-for-stm32.14.3.rel1.win32_1.0.100.202602081740/tools/bin/../lib/gcc/arm-none-eabi/14.3.1/../../../../arm-none-eabi/lib/thumb/v7e-m+fp/hard\libc_nano.a(libc_a-memset.o)
 .ARM.attributes
                0x0000082f       0x34 M:/STM32CubeIDE_2.1.0/STM32CubeIDE/plugins/com.st.stm32cube.ide.mcu.externaltools.gnu-tools-for-stm32.14.3.rel1.win32_1.0.100.202602081740/tools/bin/../lib/gcc/arm-none-eabi/14.3.1/../../../../arm-none-eabi/lib/thumb/v7e-m+fp/hard\libc_nano.a(libc_a-closer.o)
 .ARM.attributes
                0x00000863       0x34 M:/STM32CubeIDE_2.1.0/STM32CubeIDE/plugins/com.st.stm32cube.ide.mcu.externaltools.gnu-tools-for-stm32.14.3.rel1.win32_1.0.100.202602081740/tools/bin/../lib/gcc/arm-none-eabi/14.3.1/../../../../arm-none-eabi/lib/thumb/v7e-m+fp/hard\libc_nano.a(libc_a-reent.o)
 .ARM.attributes
                0x00000897       0x34 M:/STM32CubeIDE_2.1.0/STM32CubeIDE/plugins/com.st.stm32cube.ide.mcu.externaltools.gnu-tools-for-stm32.14.3.rel1.win32_1.0.100.202602081740/tools/bin/../lib/gcc/arm-none-eabi/14.3.1/../../../../arm-none-eabi/lib/thumb/v7e-m+fp/hard\libc_nano.a(libc_a-impure.o)
 .ARM.attributes
                0x000008cb       0x34 M:/STM32CubeIDE_2.1.0/STM32CubeIDE/plugins/com.st.stm32cube.ide.mcu.externaltools.gnu-tools-for-stm32.14.3.rel1.win32_1.0.100.202602081740/tools/bin/../lib/gcc/arm-none-eabi/14.3.1/../../../../arm-none-eabi/lib/thumb/v7e-m+fp/hard\libc_nano.a(libc_a-lseekr.o)
 .ARM.attributes
                0x000008ff       0x34 M:/STM32CubeIDE_2.1.0/STM32CubeIDE/plugins/com.st.stm32cube.ide.mcu.externaltools.gnu-tools-for-stm32.14.3.rel1.win32_1.0.100.202602081740/tools/bin/../lib/gcc/arm-none-eabi/14.3.1/../../../../arm-none-eabi/lib/thumb/v7e-m+fp/hard\libc_nano.a(libc_a-readr.o)
 .ARM.attributes
                0x00000933       0x34 M:/STM32CubeIDE_2.1.0/STM32CubeIDE/plugins/com.st.stm32cube.ide.mcu.externaltools.gnu-tools-for-stm32.14.3.rel1.win32_1.0.100.202602081740/tools/bin/../lib/gcc/arm-none-eabi/14.3.1/../../../../arm-none-eabi/lib/thumb/v7e-m+fp/hard\libc_nano.a(libc_a-writer.o)
 .ARM.attributes
                0x00000967       0x34 M:/STM32CubeIDE_2.1.0/STM32CubeIDE/plugins/com.st.stm32cube.ide.mcu.externaltools.gnu-tools-for-stm32.14.3.rel1.win32_1.0.100.202602081740/tools/bin/../lib/gcc/arm-none-eabi/14.3.1/../../../../arm-none-eabi/lib/thumb/v7e-m+fp/hard\libc_nano.a(libc_a-errno.o)
 .ARM.attributes
                0x0000099b       0x34 M:/STM32CubeIDE_2.1.0/STM32CubeIDE/plugins/com.st.stm32cube.ide.mcu.externaltools.gnu-tools-for-stm32.14.3.rel1.win32_1.0.100.202602081740/tools/bin/../lib/gcc/arm-none-eabi/14.3.1/../../../../arm-none-eabi/lib/thumb/v7e-m+fp/hard\libc_nano.a(libc_a-init.o)
 .ARM.attributes
                0x000009cf       0x34 M:/STM32CubeIDE_2.1.0/STM32CubeIDE/plugins/com.st.stm32cube.ide.mcu.externaltools.gnu-tools-for-stm32.14.3.rel1.win32_1.0.100.202602081740/tools/bin/../lib/gcc/arm-none-eabi/14.3.1/../../../../arm-none-eabi/lib/thumb/v7e-m+fp/hard\libc_nano.a(libc_a-lock.o)
 .ARM.attributes
                0x00000a03       0x34 M:/STM32CubeIDE_2.1.0/STM32CubeIDE/plugins/com.st.stm32cube.ide.mcu.externaltools.gnu-tools-for-stm32.14.3.rel1.win32_1.0.100.202602081740/tools/bin/../lib/gcc/arm-none-eabi/14.3.1/../../../../arm-none-eabi/lib/thumb/v7e-m+fp/hard\libc_nano.a(libc_a-freer.o)
 .ARM.attributes
                0x00000a37       0x34 M:/STM32CubeIDE_2.1.0/STM32CubeIDE/plugins/com.st.stm32cube.ide.mcu.externaltools.gnu-tools-for-stm32.14.3.rel1.win32_1.0.100.202602081740/tools/bin/../lib/gcc/arm-none-eabi/14.3.1/../../../../arm-none-eabi/lib/thumb/v7e-m+fp/hard\libc_nano.a(libc_a-mallocr.o)
 .ARM.attributes
                0x00000a6b       0x34 M:/STM32CubeIDE_2.1.0/STM32CubeIDE/plugins/com.st.stm32cube.ide.mcu.externaltools.gnu-tools-for-stm32.14.3.rel1.win32_1.0.100.202602081740/tools/bin/../lib/gcc/arm-none-eabi/14.3.1/../../../../arm-none-eabi/lib/thumb/v7e-m+fp/hard\libc_nano.a(libc_a-mlock.o)
 .ARM.attributes
                0x00000a9f       0x34 M:/STM32CubeIDE_2.1.0/STM32CubeIDE/plugins/com.st.stm32cube.ide.mcu.externaltools.gnu-tools-for-stm32.14.3.rel1.win32_1.0.100.202602081740/tools/bin/../lib/gcc/arm-none-eabi/14.3.1/../../../../arm-none-eabi/lib/thumb/v7e-m+fp/hard\libc_nano.a(libc_a-nano-vfprintf.o)
 .ARM.attributes
                0x00000ad3       0x34 M:/STM32CubeIDE_2.1.0/STM32CubeIDE/plugins/com.st.stm32cube.ide.mcu.externaltools.gnu-tools-for-stm32.14.3.rel1.win32_1.0.100.202602081740/tools/bin/../lib/gcc/arm-none-eabi/14.3.1/../../../../arm-none-eabi/lib/thumb/v7e-m+fp/hard\libc_nano.a(libc_a-nano-vfprintf_i.o)
 .ARM.attributes
                0x00000b07       0x34 M:/STM32CubeIDE_2.1.0/STM32CubeIDE/plugins/com.st.stm32cube.ide.mcu.externaltools.gnu-tools-for-stm32.14.3.rel1.win32_1.0.100.202602081740/tools/bin/../lib/gcc/arm-none-eabi/14.3.1/../../../../arm-none-eabi/lib/thumb/v7e-m+fp/hard\libc_nano.a(libc_a-fflush.o)
 .ARM.attributes
                0x00000b3b       0x34 M:/STM32CubeIDE_2.1.0/STM32CubeIDE/plugins/com.st.stm32cube.ide.mcu.externaltools.gnu-tools-for-stm32.14.3.rel1.win32_1.0.100.202602081740/tools/bin/../lib/gcc/arm-none-eabi/14.3.1/../../../../arm-none-eabi/lib/thumb/v7e-m+fp/hard\libc_nano.a(libc_a-makebuf.o)
 .ARM.attributes
                0x00000b6f       0x34 M:/STM32CubeIDE_2.1.0/STM32CubeIDE/plugins/com.st.stm32cube.ide.mcu.externaltools.gnu-tools-for-stm32.14.3.rel1.win32_1.0.100.202602081740/tools/bin/../lib/gcc/arm-none-eabi/14.3.1/../../../../arm-none-eabi/lib/thumb/v7e-m+fp/hard\libc_nano.a(libc_a-fstatr.o)
 .ARM.attributes
                0x00000ba3       0x34 M:/STM32CubeIDE_2.1.0/STM32CubeIDE/plugins/com.st.stm32cube.ide.mcu.externaltools.gnu-tools-for-stm32.14.3.rel1.win32_1.0.100.202602081740/tools/bin/../lib/gcc/arm-none-eabi/14.3.1/../../../../arm-none-eabi/lib/thumb/v7e-m+fp/hard\libc_nano.a(libc_a-isattyr.o)
 .ARM.attributes
                0x00000bd7       0x34 M:/STM32CubeIDE_2.1.0/STM32CubeIDE/plugins/com.st.stm32cube.ide.mcu.externaltools.gnu-tools-for-stm32.14.3.rel1.win32_1.0.100.202602081740/tools/bin/../lib/gcc/arm-none-eabi/14.3.1/../../../../arm-none-eabi/lib/thumb/v7e-m+fp/hard\libc_nano.a(libc_a-sbrkr.o)
 .ARM.attributes
                0x00000c0b       0x1c M:/STM32CubeIDE_2.1.0/STM32CubeIDE/plugins/com.st.stm32cube.ide.mcu.externaltools.gnu-tools-for-stm32.14.3.rel1.win32_1.0.100.202602081740/tools/bin/../lib/gcc/arm-none-eabi/14.3.1/../../../../arm-none-eabi/lib/thumb/v7e-m+fp/hard\libc_nano.a(libc_a-memchr.o)
 .ARM.attributes
                0x00000c27       0x22 M:/STM32CubeIDE_2.1.0/STM32CubeIDE/plugins/com.st.stm32cube.ide.mcu.externaltools.gnu-tools-for-stm32.14.3.rel1.win32_1.0.100.202602081740/tools/bin/../lib/gcc/arm-none-eabi/14.3.1/thumb/v7e-m+fp/hard\libgcc.a(_arm_addsubdf3.o)
 .ARM.attributes
                0x00000c49       0x22 M:/STM32CubeIDE_2.1.0/STM32CubeIDE/plugins/com.st.stm32cube.ide.mcu.externaltools.gnu-tools-for-stm32.14.3.rel1.win32_1.0.100.202602081740/tools/bin/../lib/gcc/arm-none-eabi/14.3.1/thumb/v7e-m+fp/hard\libgcc.a(_arm_muldivdf3.o)
 .ARM.attributes
                0x00000c6b       0x22 M:/STM32CubeIDE_2.1.0/STM32CubeIDE/plugins/com.st.stm32cube.ide.mcu.externaltools.gnu-tools-for-stm32.14.3.rel1.win32_1.0.100.202602081740/tools/bin/../lib/gcc/arm-none-eabi/14.3.1/thumb/v7e-m+fp/hard\libgcc.a(_arm_cmpdf2.o)
 .ARM.attributes
                0x00000c8d       0x22 M:/STM32CubeIDE_2.1.0/STM32CubeIDE/plugins/com.st.stm32cube.ide.mcu.externaltools.gnu-tools-for-stm32.14.3.rel1.win32_1.0.100.202602081740/tools/bin/../lib/gcc/arm-none-eabi/14.3.1/thumb/v7e-m+fp/hard\libgcc.a(_arm_fixunsdfsi.o)
 .ARM.attributes
                0x00000caf       0x22 M:/STM32CubeIDE_2.1.0/STM32CubeIDE/plugins/com.st.stm32cube.ide.mcu.externaltools.gnu-tools-for-stm32.14.3.rel1.win32_1.0.100.202602081740/tools/bin/../lib/gcc/arm-none-eabi/14.3.1/thumb/v7e-m+fp/hard\libgcc.a(_arm_truncdfsf2.o)
 .ARM.attributes
                0x00000cd1       0x22 M:/STM32CubeIDE_2.1.0/STM32CubeIDE/plugins/com.st.stm32cube.ide.mcu.externaltools.gnu-tools-for-stm32.14.3.rel1.win32_1.0.100.202602081740/tools/bin/../lib/gcc/arm-none-eabi/14.3.1/thumb/v7e-m+fp/hard\libgcc.a(_aeabi_uldivmod.o)
 .ARM.attributes
                0x00000cf3       0x34 M:/STM32CubeIDE_2.1.0/STM32CubeIDE/plugins/com.st.stm32cube.ide.mcu.externaltools.gnu-tools-for-stm32.14.3.rel1.win32_1.0.100.202602081740/tools/bin/../lib/gcc/arm-none-eabi/14.3.1/thumb/v7e-m+fp/hard\libgcc.a(_udivmoddi4.o)
 .ARM.attributes
                0x00000d27       0x22 M:/STM32CubeIDE_2.1.0/STM32CubeIDE/plugins/com.st.stm32cube.ide.mcu.externaltools.gnu-tools-for-stm32.14.3.rel1.win32_1.0.100.202602081740/tools/bin/../lib/gcc/arm-none-eabi/14.3.1/thumb/v7e-m+fp/hard\libgcc.a(_dvmd_tls.o)
 .ARM.attributes
                0x00000d49       0x22 M:/STM32CubeIDE_2.1.0/STM32CubeIDE/plugins/com.st.stm32cube.ide.mcu.externaltools.gnu-tools-for-stm32.14.3.rel1.win32_1.0.100.202602081740/tools/bin/../lib/gcc/arm-none-eabi/14.3.1/thumb/v7e-m+fp/hard/crtn.o
OUTPUT(Bless_HAL_Prototype.elf elf32-littlearm)
LOAD linker stubs
LOAD M:/STM32CubeIDE_2.1.0/STM32CubeIDE/plugins/com.st.stm32cube.ide.mcu.externaltools.gnu-tools-for-stm32.14.3.rel1.win32_1.0.100.202602081740/tools/bin/../lib/gcc/arm-none-eabi/14.3.1/../../../../arm-none-eabi/lib/thumb/v7e-m+fp/hard\libc.a
LOAD M:/STM32CubeIDE_2.1.0/STM32CubeIDE/plugins/com.st.stm32cube.ide.mcu.externaltools.gnu-tools-for-stm32.14.3.rel1.win32_1.0.100.202602081740/tools/bin/../lib/gcc/arm-none-eabi/14.3.1/../../../../arm-none-eabi/lib/thumb/v7e-m+fp/hard\libm.a
LOAD M:/STM32CubeIDE_2.1.0/STM32CubeIDE/plugins/com.st.stm32cube.ide.mcu.externaltools.gnu-tools-for-stm32.14.3.rel1.win32_1.0.100.202602081740/tools/bin/../lib/gcc/arm-none-eabi/14.3.1/thumb/v7e-m+fp/hard\libgcc.a

.comment        0x00000000       0x43
 .comment       0x00000000       0x43 ./Core/Src/ina219.o
                                 0x44 (size before relaxing)
 .comment       0x00000043       0x44 ./Core/Src/main.o
 .comment       0x00000043       0x44 ./Core/Src/max31865.o
 .comment       0x00000043       0x44 ./Core/Src/sd_functions.o
 .comment       0x00000043       0x44 ./Core/Src/sensors.o
 .comment       0x00000043       0x44 ./Core/Src/stm32l4xx_hal_msp.o
 .comment       0x00000043       0x44 ./Core/Src/stm32l4xx_it.o
 .comment       0x00000043       0x44 ./Core/Src/syscalls.o
 .comment       0x00000043       0x44 ./Core/Src/sysmem.o
 .comment       0x00000043       0x44 ./Core/Src/system_stm32l4xx.o
 .comment       0x00000043       0x44 ./Core/Src/telemetry.o
 .comment       0x00000043       0x44 ./Core/Src/tmp102.o
 .comment       0x00000043       0x44 ./Drivers/STM32L4xx_HAL_Driver/Src/stm32l4xx_hal.o
 .comment       0x00000043       0x44 ./Drivers/STM32L4xx_HAL_Driver/Src/stm32l4xx_hal_cortex.o
 .comment       0x00000043       0x44 ./Drivers/STM32L4xx_HAL_Driver/Src/stm32l4xx_hal_gpio.o
 .comment       0x00000043       0x44 ./Drivers/STM32L4xx_HAL_Driver/Src/stm32l4xx_hal_i2c.o
 .comment       0x00000043       0x44 ./Drivers/STM32L4xx_HAL_Driver/Src/stm32l4xx_hal_i2c_ex.o
 .comment       0x00000043       0x44 ./Drivers/STM32L4xx_HAL_Driver/Src/stm32l4xx_hal_pwr_ex.o
 .comment       0x00000043       0x44 ./Drivers/STM32L4xx_HAL_Driver/Src/stm32l4xx_hal_rcc.o
 .comment       0x00000043       0x44 ./Drivers/STM32L4xx_HAL_Driver/Src/stm32l4xx_hal_rcc_ex.o
 .comment       0x00000043       0x44 ./Drivers/STM32L4xx_HAL_Driver/Src/stm32l4xx_hal_spi.o
 .comment       0x00000043       0x44 ./Drivers/STM32L4xx_HAL_Driver/Src/stm32l4xx_hal_tim.o
 .comment       0x00000043       0x44 ./Drivers/STM32L4xx_HAL_Driver/Src/stm32l4xx_hal_tim_ex.o
 .comment       0x00000043       0x44 ./Drivers/STM32L4xx_HAL_Driver/Src/stm32l4xx_hal_uart.o
 .comment       0x00000043       0x44 ./FATFS/App/fatfs.o
 .comment       0x00000043       0x44 ./FATFS/Target/user_diskio.o
 .comment       0x00000043       0x44 ./Middlewares/Third_Party/FatFs/src/diskio.o
 .comment       0x00000043       0x44 ./Middlewares/Third_Party/FatFs/src/ff.o
 .comment       0x00000043       0x44 ./Middlewares/Third_Party/FatFs/src/ff_gen_drv.o
 .comment       0x00000043       0x44 ./Middlewares/Third_Party/FatFs/src/option/ccsbcs.o

.debug_frame    0x00000000      0xab4
 .debug_frame   0x00000000      0x144 M:/STM32CubeIDE_2.1.0/STM32CubeIDE/plugins/com.st.stm32cube.ide.mcu.externaltools.gnu-tools-for-stm32.14.3.rel1.win32_1.0.100.202602081740/tools/bin/../lib/gcc/arm-none-eabi/14.3.1/../../../../arm-none-eabi/lib/thumb/v7e-m+fp/hard\libc_nano.a(libc_a-findfp.o)
 .debug_frame   0x00000144       0x34 M:/STM32CubeIDE_2.1.0/STM32CubeIDE/plugins/com.st.stm32cube.ide.mcu.externaltools.gnu-tools-for-stm32.14.3.rel1.win32_1.0.100.202602081740/tools/bin/../lib/gcc/arm-none-eabi/14.3.1/../../../../arm-none-eabi/lib/thumb/v7e-m+fp/hard\libc_nano.a(libc_a-fwalk.o)
 .debug_frame   0x00000178       0x64 M:/STM32CubeIDE_2.1.0/STM32CubeIDE/plugins/com.st.stm32cube.ide.mcu.externaltools.gnu-tools-for-stm32.14.3.rel1.win32_1.0.100.202602081740/tools/bin/../lib/gcc/arm-none-eabi/14.3.1/../../../../arm-none-eabi/lib/thumb/v7e-m+fp/hard\libc_nano.a(libc_a-printf.o)
 .debug_frame   0x000001dc       0x3c M:/STM32CubeIDE_2.1.0/STM32CubeIDE/plugins/com.st.stm32cube.ide.mcu.externaltools.gnu-tools-for-stm32.14.3.rel1.win32_1.0.100.202602081740/tools/bin/../lib/gcc/arm-none-eabi/14.3.1/../../../../arm-none-eabi/lib/thumb/v7e-m+fp/hard\libc_nano.a(libc_a-puts.o)
 .debug_frame   0x00000218       0x88 M:/STM32CubeIDE_2.1.0/STM32CubeIDE/plugins/com.st.stm32cube.ide.mcu.externaltools.gnu-tools-for-stm32.14.3.rel1.win32_1.0.100.202602081740/tools/bin/../lib/gcc/arm-none-eabi/14.3.1/../../../../arm-none-eabi/lib/thumb/v7e-m+fp/hard\libc_nano.a(libc_a-stdio.o)
 .debug_frame   0x000002a0       0x40 M:/STM32CubeIDE_2.1.0/STM32CubeIDE/plugins/com.st.stm32cube.ide.mcu.externaltools.gnu-tools-for-stm32.14.3.rel1.win32_1.0.100.202602081740/tools/bin/../lib/gcc/arm-none-eabi/14.3.1/../../../../arm-none-eabi/lib/thumb/v7e-m+fp/hard\libc_nano.a(libc_a-wbuf.o)
 .debug_frame   0x000002e0       0x2c M:/STM32CubeIDE_2.1.0/STM32CubeIDE/plugins/com.st.stm32cube.ide.mcu.externaltools.gnu-tools-for-stm32.14.3.rel1.win32_1.0.100.202602081740/tools/bin/../lib/gcc/arm-none-eabi/14.3.1/../../../../arm-none-eabi/lib/thumb/v7e-m+fp/hard\libc_nano.a(libc_a-wsetup.o)
 .debug_frame   0x0000030c       0x20 M:/STM32CubeIDE_2.1.0/STM32CubeIDE/plugins/com.st.stm32cube.ide.mcu.externaltools.gnu-tools-for-stm32.14.3.rel1.win32_1.0.100.202602081740/tools/bin/../lib/gcc/arm-none-eabi/14.3.1/../../../../arm-none-eabi/lib/thumb/v7e-m+fp/hard\libc_nano.a(libc_a-memset.o)
 .debug_frame   0x0000032c       0x2c M:/STM32CubeIDE_2.1.0/STM32CubeIDE/plugins/com.st.stm32cube.ide.mcu.externaltools.gnu-tools-for-stm32.14.3.rel1.win32_1.0.100.202602081740/tools/bin/../lib/gcc/arm-none-eabi/14.3.1/../../../../arm-none-eabi/lib/thumb/v7e-m+fp/hard\libc_nano.a(libc_a-closer.o)